<html>
<body>
<pre>
<h1>µVision Build Log</h1>
<h2>Project:</h2>
C:\Users\Nastia\Desktop\repos\ECE254-labs\lab2-student\starter\RTX_App\RTX_App.uvproj
Project File Date:  10/18/2017

<h2>Output:</h2>
  
*** Note: 'Create Batch File' is active - using 'Rebuild'.
Rebuild Project 'RTX_Lib_CM' - Target 'CM3_LE'
compiling rt_Task.c...
compiling rt_System.c...
compiling rt_Event.c...
compiling rt_List.c...
compiling rt_Mailbox.c...
compiling rt_Semaphore.c...
compiling rt_Time.c...
compiling rt_Timer.c...
compiling rt_Mutex.c...
compiling rt_Robin.c...
compiling rt_MemBox.c...
compiling rt_Task_ext.c...
C:\Users\Nastia\Desktop\repos\ECE254-labs\lab2-student\starter\RTX_CM3\SRC\CM\rt_Task_ext.c(52): warning:  #177-D: variable "current_task" was declared but never referenced
compiling rt_MemBox_ext.c...
assembling SVC_Table.s...
compiling HAL_CM3.c...
C:\Users\Nastia\Desktop\repos\ECE254-labs\lab2-student\starter\RTX_CM3\SRC\CM\HAL_CM3.c(328): warning:  #9-D: nested comment is not allowed
creating Library...
User command #1: cmd.exe /C copy ArInp.Scr CM3_LE\BuildLib.scr
        1 file(s) copied.
".\CM3_LE\RTX_CM3.lib" - 0 Error(s), 2 Warning(s).
  
Build Project 'RTX_App' - Target 'Starter SIM'
compiling main_task_exp.c...
C:\Users\Nastia\Desktop\repos\ECE254-labs\lab2-student\starter\RTX_App\src\main_task_exp.c(125): error:  #29: expected an expression
C:\Users\Nastia\Desktop\repos\ECE254-labs\lab2-student\starter\RTX_App\src\main_task_exp.c(125): error:  #20: identifier "i" is undefined
C:\Users\Nastia\Desktop\repos\ECE254-labs\lab2-student\starter\RTX_App\src\main_task_exp.c(169): error:  #79: expected a type specifier
C:\Users\Nastia\Desktop\repos\ECE254-labs\lab2-student\starter\RTX_App\src\main_task_exp.c(169): warning:  #77-D: this declaration has no storage class or type specifier
C:\Users\Nastia\Desktop\repos\ECE254-labs\lab2-student\starter\RTX_App\src\main_task_exp.c(169): error:  #147-D: declaration is incompatible with "int printf(const char *restrict, ...)" (declared at line 365 of "C:\Keil\ARM\ARMCC\bin\..\include\stdio.h")
C:\Users\Nastia\Desktop\repos\ECE254-labs\lab2-student\starter\RTX_App\src\main_task_exp.c(170): error:  #169: expected a declaration
C:\Users\Nastia\Desktop\repos\ECE254-labs\lab2-student\starter\RTX_App\src\main_task_exp.c(179): warning:  #12-D: parsing restarts here after previous syntax error
C:\Users\Nastia\Desktop\repos\ECE254-labs\lab2-student\starter\RTX_App\src\main_task_exp.c(180): error:  #169: expected a declaration
C:\Users\Nastia\Desktop\repos\ECE254-labs\lab2-student\starter\RTX_App\src\main_task_exp.c(225): warning:  #12-D: parsing restarts here after previous syntax error
C:\Users\Nastia\Desktop\repos\ECE254-labs\lab2-student\starter\RTX_App\src\main_task_exp.c(226): error:  #79: expected a type specifier
C:\Users\Nastia\Desktop\repos\ECE254-labs\lab2-student\starter\RTX_App\src\main_task_exp.c(226): error:  #757: variable "g_mut_uart" is not a type name
C:\Users\Nastia\Desktop\repos\ECE254-labs\lab2-student\starter\RTX_App\src\main_task_exp.c(226): error:  #79: expected a type specifier
C:\Users\Nastia\Desktop\repos\ECE254-labs\lab2-student\starter\RTX_App\src\main_task_exp.c(226): warning:  #77-D: this declaration has no storage class or type specifier
C:\Users\Nastia\Desktop\repos\ECE254-labs\lab2-student\starter\RTX_App\src\main_task_exp.c(226): error:  #147-D: declaration is incompatible with "OS_RESULT _os_mut_wait(U32, OS_ID, U16)__svc(2147483648)" (declared at line 316 of "C:\Keil\ARM\RV31\INC\RTL.h")
C:\Users\Nastia\Desktop\repos\ECE254-labs\lab2-student\starter\RTX_App\src\main_task_exp.c(228): error:  #79: expected a type specifier
C:\Users\Nastia\Desktop\repos\ECE254-labs\lab2-student\starter\RTX_App\src\main_task_exp.c(228): error:  #757: variable "g_mut_uart" is not a type name
C:\Users\Nastia\Desktop\repos\ECE254-labs\lab2-student\starter\RTX_App\src\main_task_exp.c(228): warning:  #77-D: this declaration has no storage class or type specifier
C:\Users\Nastia\Desktop\repos\ECE254-labs\lab2-student\starter\RTX_App\src\main_task_exp.c(228): error:  #147-D: declaration is incompatible with "OS_RESULT _os_mut_release(U32, OS_ID)__svc(2147483648)" (declared at line 315 of "C:\Keil\ARM\RV31\INC\RTL.h")
C:\Users\Nastia\Desktop\repos\ECE254-labs\lab2-student\starter\RTX_App\src\main_task_exp.c(230): error:  #77-D: this declaration has no storage class or type specifier
C:\Users\Nastia\Desktop\repos\ECE254-labs\lab2-student\starter\RTX_App\src\main_task_exp.c(230): error:  #147: declaration is incompatible with "OS_TID g_tid" (declared at line 44)
C:\Users\Nastia\Desktop\repos\ECE254-labs\lab2-student\starter\RTX_App\src\main_task_exp.c(230): error:  #59: function call is not allowed in a constant expression
C:\Users\Nastia\Desktop\repos\ECE254-labs\lab2-student\starter\RTX_App\src\main_task_exp.c(230): warning:  #1296-D: extended constant initialiser used
C:\Users\Nastia\Desktop\repos\ECE254-labs\lab2-student\starter\RTX_App\src\main_task_exp.c(231): error:  #79: expected a type specifier
C:\Users\Nastia\Desktop\repos\ECE254-labs\lab2-student\starter\RTX_App\src\main_task_exp.c(231): error:  #757: variable "g_mut_uart" is not a type name
C:\Users\Nastia\Desktop\repos\ECE254-labs\lab2-student\starter\RTX_App\src\main_task_exp.c(231): error:  #79: expected a type specifier
C:\Users\Nastia\Desktop\repos\ECE254-labs\lab2-student\starter\RTX_App\src\main_task_exp.c(231): warning:  #77-D: this declaration has no storage class or type specifier
C:\Users\Nastia\Desktop\repos\ECE254-labs\lab2-student\starter\RTX_App\src\main_task_exp.c(233): error:  #79: expected a type specifier
C:\Users\Nastia\Desktop\repos\ECE254-labs\lab2-student\starter\RTX_App\src\main_task_exp.c(233): error:  #757: variable "g_mut_uart" is not a type name
C:\Users\Nastia\Desktop\repos\ECE254-labs\lab2-student\starter\RTX_App\src\main_task_exp.c(233): warning:  #77-D: this declaration has no storage class or type specifier
C:\Users\Nastia\Desktop\repos\ECE254-labs\lab2-student\starter\RTX_App\src\main_task_exp.c(240): error:  #79: expected a type specifier
C:\Users\Nastia\Desktop\repos\ECE254-labs\lab2-student\starter\RTX_App\src\main_task_exp.c(240): error:  #79: expected a type specifier
C:\Users\Nastia\Desktop\repos\ECE254-labs\lab2-student\starter\RTX_App\src\main_task_exp.c(240): warning:  #77-D: this declaration has no storage class or type specifier
C:\Users\Nastia\Desktop\repos\ECE254-labs\lab2-student\starter\RTX_App\src\main_task_exp.c(240): error:  #147-D: declaration is incompatible with "OS_RESULT _os_tsk_delete(U32, OS_TID)__svc(2147483648)" (declared at line 248 of "C:\Keil\ARM\RV31\INC\RTL.h")
C:\Users\Nastia\Desktop\repos\ECE254-labs\lab2-student\starter\RTX_App\src\main_task_exp.c(241): error:  #169: expected a declaration
C:\Users\Nastia\Desktop\repos\ECE254-labs\lab2-student\starter\RTX_App\src\main_task_exp.c(271): warning:  #12-D: parsing restarts here after previous syntax error
C:\Users\Nastia\Desktop\repos\ECE254-labs\lab2-student\starter\RTX_App\src\main_task_exp.c(272): error:  #169: expected a declaration
C:\Users\Nastia\Desktop\repos\ECE254-labs\lab2-student\starter\RTX_App\src\main_task_exp.c(273): error:  #169: expected a declaration
C:\Users\Nastia\Desktop\repos\ECE254-labs\lab2-student\starter\RTX_App\src\main_task_exp.c(275): error:  #169: expected a declaration
C:\Users\Nastia\Desktop\repos\ECE254-labs\lab2-student\starter\RTX_App\src\main_task_exp.c(276): error:  #169: expected a declaration
C:\Users\Nastia\Desktop\repos\ECE254-labs\lab2-student\starter\RTX_App\src\main_task_exp.c(278): error:  #169: expected a declaration
Target not created
  
*** Note: 'Create Batch File' is active - using 'Rebuild'.
Rebuild Project 'RTX_Lib_CM' - Target 'CM3_LE'
compiling rt_Task.c...
compiling rt_System.c...
compiling rt_Event.c...
compiling rt_List.c...
compiling rt_Mailbox.c...
compiling rt_Semaphore.c...
compiling rt_Time.c...
compiling rt_Timer.c...
compiling rt_Mutex.c...
compiling rt_Robin.c...
compiling rt_MemBox.c...
compiling rt_Task_ext.c...
C:\Users\Nastia\Desktop\repos\ECE254-labs\lab2-student\starter\RTX_CM3\SRC\CM\rt_Task_ext.c(52): warning:  #177-D: variable "current_task" was declared but never referenced
compiling rt_MemBox_ext.c...
assembling SVC_Table.s...
compiling HAL_CM3.c...
C:\Users\Nastia\Desktop\repos\ECE254-labs\lab2-student\starter\RTX_CM3\SRC\CM\HAL_CM3.c(328): warning:  #9-D: nested comment is not allowed
creating Library...
User command #1: cmd.exe /C copy ArInp.Scr CM3_LE\BuildLib.scr
        1 file(s) copied.
".\CM3_LE\RTX_CM3.lib" - 0 Error(s), 2 Warning(s).
  
Build Project 'RTX_App' - Target 'Starter SIM'
compiling main_task_exp.c...
C:\Users\Nastia\Desktop\repos\ECE254-labs\lab2-student\starter\RTX_App\src\main_task_exp.c(125): error:  #65: expected a ";"
C:\Users\Nastia\Desktop\repos\ECE254-labs\lab2-student\starter\RTX_App\src\main_task_exp.c(126): warning:  #174-D: expression has no effect
C:\Users\Nastia\Desktop\repos\ECE254-labs\lab2-student\starter\RTX_App\src\main_task_exp.c(169): error:  #79: expected a type specifier
C:\Users\Nastia\Desktop\repos\ECE254-labs\lab2-student\starter\RTX_App\src\main_task_exp.c(169): warning:  #77-D: this declaration has no storage class or type specifier
C:\Users\Nastia\Desktop\repos\ECE254-labs\lab2-student\starter\RTX_App\src\main_task_exp.c(169): error:  #147-D: declaration is incompatible with "int printf(const char *restrict, ...)" (declared at line 365 of "C:\Keil\ARM\ARMCC\bin\..\include\stdio.h")
C:\Users\Nastia\Desktop\repos\ECE254-labs\lab2-student\starter\RTX_App\src\main_task_exp.c(170): error:  #169: expected a declaration
C:\Users\Nastia\Desktop\repos\ECE254-labs\lab2-student\starter\RTX_App\src\main_task_exp.c(179): warning:  #12-D: parsing restarts here after previous syntax error
C:\Users\Nastia\Desktop\repos\ECE254-labs\lab2-student\starter\RTX_App\src\main_task_exp.c(180): error:  #169: expected a declaration
C:\Users\Nastia\Desktop\repos\ECE254-labs\lab2-student\starter\RTX_App\src\main_task_exp.c(225): warning:  #12-D: parsing restarts here after previous syntax error
C:\Users\Nastia\Desktop\repos\ECE254-labs\lab2-student\starter\RTX_App\src\main_task_exp.c(226): error:  #79: expected a type specifier
C:\Users\Nastia\Desktop\repos\ECE254-labs\lab2-student\starter\RTX_App\src\main_task_exp.c(226): error:  #757: variable "g_mut_uart" is not a type name
C:\Users\Nastia\Desktop\repos\ECE254-labs\lab2-student\starter\RTX_App\src\main_task_exp.c(226): error:  #79: expected a type specifier
C:\Users\Nastia\Desktop\repos\ECE254-labs\lab2-student\starter\RTX_App\src\main_task_exp.c(226): warning:  #77-D: this declaration has no storage class or type specifier
C:\Users\Nastia\Desktop\repos\ECE254-labs\lab2-student\starter\RTX_App\src\main_task_exp.c(226): error:  #147-D: declaration is incompatible with "OS_RESULT _os_mut_wait(U32, OS_ID, U16)__svc(2147483648)" (declared at line 316 of "C:\Keil\ARM\RV31\INC\RTL.h")
C:\Users\Nastia\Desktop\repos\ECE254-labs\lab2-student\starter\RTX_App\src\main_task_exp.c(228): error:  #79: expected a type specifier
C:\Users\Nastia\Desktop\repos\ECE254-labs\lab2-student\starter\RTX_App\src\main_task_exp.c(228): error:  #757: variable "g_mut_uart" is not a type name
C:\Users\Nastia\Desktop\repos\ECE254-labs\lab2-student\starter\RTX_App\src\main_task_exp.c(228): warning:  #77-D: this declaration has no storage class or type specifier
C:\Users\Nastia\Desktop\repos\ECE254-labs\lab2-student\starter\RTX_App\src\main_task_exp.c(228): error:  #147-D: declaration is incompatible with "OS_RESULT _os_mut_release(U32, OS_ID)__svc(2147483648)" (declared at line 315 of "C:\Keil\ARM\RV31\INC\RTL.h")
C:\Users\Nastia\Desktop\repos\ECE254-labs\lab2-student\starter\RTX_App\src\main_task_exp.c(230): error:  #77-D: this declaration has no storage class or type specifier
C:\Users\Nastia\Desktop\repos\ECE254-labs\lab2-student\starter\RTX_App\src\main_task_exp.c(230): error:  #147: declaration is incompatible with "OS_TID g_tid" (declared at line 44)
C:\Users\Nastia\Desktop\repos\ECE254-labs\lab2-student\starter\RTX_App\src\main_task_exp.c(230): error:  #59: function call is not allowed in a constant expression
C:\Users\Nastia\Desktop\repos\ECE254-labs\lab2-student\starter\RTX_App\src\main_task_exp.c(230): warning:  #1296-D: extended constant initialiser used
C:\Users\Nastia\Desktop\repos\ECE254-labs\lab2-student\starter\RTX_App\src\main_task_exp.c(231): error:  #79: expected a type specifier
C:\Users\Nastia\Desktop\repos\ECE254-labs\lab2-student\starter\RTX_App\src\main_task_exp.c(231): error:  #757: variable "g_mut_uart" is not a type name
C:\Users\Nastia\Desktop\repos\ECE254-labs\lab2-student\starter\RTX_App\src\main_task_exp.c(231): error:  #79: expected a type specifier
C:\Users\Nastia\Desktop\repos\ECE254-labs\lab2-student\starter\RTX_App\src\main_task_exp.c(231): warning:  #77-D: this declaration has no storage class or type specifier
C:\Users\Nastia\Desktop\repos\ECE254-labs\lab2-student\starter\RTX_App\src\main_task_exp.c(233): error:  #79: expected a type specifier
C:\Users\Nastia\Desktop\repos\ECE254-labs\lab2-student\starter\RTX_App\src\main_task_exp.c(233): error:  #757: variable "g_mut_uart" is not a type name
C:\Users\Nastia\Desktop\repos\ECE254-labs\lab2-student\starter\RTX_App\src\main_task_exp.c(233): warning:  #77-D: this declaration has no storage class or type specifier
C:\Users\Nastia\Desktop\repos\ECE254-labs\lab2-student\starter\RTX_App\src\main_task_exp.c(240): error:  #79: expected a type specifier
C:\Users\Nastia\Desktop\repos\ECE254-labs\lab2-student\starter\RTX_App\src\main_task_exp.c(240): error:  #79: expected a type specifier
C:\Users\Nastia\Desktop\repos\ECE254-labs\lab2-student\starter\RTX_App\src\main_task_exp.c(240): warning:  #77-D: this declaration has no storage class or type specifier
C:\Users\Nastia\Desktop\repos\ECE254-labs\lab2-student\starter\RTX_App\src\main_task_exp.c(240): error:  #147-D: declaration is incompatible with "OS_RESULT _os_tsk_delete(U32, OS_TID)__svc(2147483648)" (declared at line 248 of "C:\Keil\ARM\RV31\INC\RTL.h")
C:\Users\Nastia\Desktop\repos\ECE254-labs\lab2-student\starter\RTX_App\src\main_task_exp.c(241): error:  #169: expected a declaration
C:\Users\Nastia\Desktop\repos\ECE254-labs\lab2-student\starter\RTX_App\src\main_task_exp.c(271): warning:  #12-D: parsing restarts here after previous syntax error
C:\Users\Nastia\Desktop\repos\ECE254-labs\lab2-student\starter\RTX_App\src\main_task_exp.c(272): error:  #169: expected a declaration
C:\Users\Nastia\Desktop\repos\ECE254-labs\lab2-student\starter\RTX_App\src\main_task_exp.c(273): error:  #169: expected a declaration
C:\Users\Nastia\Desktop\repos\ECE254-labs\lab2-student\starter\RTX_App\src\main_task_exp.c(275): error:  #169: expected a declaration
C:\Users\Nastia\Desktop\repos\ECE254-labs\lab2-student\starter\RTX_App\src\main_task_exp.c(276): error:  #169: expected a declaration
C:\Users\Nastia\Desktop\repos\ECE254-labs\lab2-student\starter\RTX_App\src\main_task_exp.c(278): error:  #169: expected a declaration
C:\Users\Nastia\Desktop\repos\ECE254-labs\lab2-student\starter\RTX_App\src\main_task_exp.c(279): error:  #169: expected a declaration
Target not created
  
*** Note: 'Create Batch File' is active - using 'Rebuild'.
Rebuild Project 'RTX_Lib_CM' - Target 'CM3_LE'
compiling rt_Task.c...
compiling rt_System.c...
compiling rt_Event.c...
compiling rt_List.c...
compiling rt_Mailbox.c...
compiling rt_Semaphore.c...
compiling rt_Time.c...
compiling rt_Timer.c...
compiling rt_Mutex.c...
compiling rt_Robin.c...
compiling rt_MemBox.c...
compiling rt_Task_ext.c...
C:\Users\Nastia\Desktop\repos\ECE254-labs\lab2-student\starter\RTX_CM3\SRC\CM\rt_Task_ext.c(52): warning:  #177-D: variable "current_task" was declared but never referenced
compiling rt_MemBox_ext.c...
assembling SVC_Table.s...
compiling HAL_CM3.c...
C:\Users\Nastia\Desktop\repos\ECE254-labs\lab2-student\starter\RTX_CM3\SRC\CM\HAL_CM3.c(328): warning:  #9-D: nested comment is not allowed
creating Library...
User command #1: cmd.exe /C copy ArInp.Scr CM3_LE\BuildLib.scr
        1 file(s) copied.
".\CM3_LE\RTX_CM3.lib" - 0 Error(s), 2 Warning(s).
  
Build Project 'RTX_App' - Target 'Starter SIM'
compiling main_task_exp.c...
C:\Users\Nastia\Desktop\repos\ECE254-labs\lab2-student\starter\RTX_App\src\main_task_exp.c(126): warning:  #174-D: expression has no effect
C:\Users\Nastia\Desktop\repos\ECE254-labs\lab2-student\starter\RTX_App\src\main_task_exp.c(169): error:  #79: expected a type specifier
C:\Users\Nastia\Desktop\repos\ECE254-labs\lab2-student\starter\RTX_App\src\main_task_exp.c(169): warning:  #77-D: this declaration has no storage class or type specifier
C:\Users\Nastia\Desktop\repos\ECE254-labs\lab2-student\starter\RTX_App\src\main_task_exp.c(169): error:  #147-D: declaration is incompatible with "int printf(const char *restrict, ...)" (declared at line 365 of "C:\Keil\ARM\ARMCC\bin\..\include\stdio.h")
C:\Users\Nastia\Desktop\repos\ECE254-labs\lab2-student\starter\RTX_App\src\main_task_exp.c(170): error:  #169: expected a declaration
C:\Users\Nastia\Desktop\repos\ECE254-labs\lab2-student\starter\RTX_App\src\main_task_exp.c(179): warning:  #12-D: parsing restarts here after previous syntax error
C:\Users\Nastia\Desktop\repos\ECE254-labs\lab2-student\starter\RTX_App\src\main_task_exp.c(180): error:  #169: expected a declaration
C:\Users\Nastia\Desktop\repos\ECE254-labs\lab2-student\starter\RTX_App\src\main_task_exp.c(225): warning:  #12-D: parsing restarts here after previous syntax error
C:\Users\Nastia\Desktop\repos\ECE254-labs\lab2-student\starter\RTX_App\src\main_task_exp.c(226): error:  #79: expected a type specifier
C:\Users\Nastia\Desktop\repos\ECE254-labs\lab2-student\starter\RTX_App\src\main_task_exp.c(226): error:  #757: variable "g_mut_uart" is not a type name
C:\Users\Nastia\Desktop\repos\ECE254-labs\lab2-student\starter\RTX_App\src\main_task_exp.c(226): error:  #79: expected a type specifier
C:\Users\Nastia\Desktop\repos\ECE254-labs\lab2-student\starter\RTX_App\src\main_task_exp.c(226): warning:  #77-D: this declaration has no storage class or type specifier
C:\Users\Nastia\Desktop\repos\ECE254-labs\lab2-student\starter\RTX_App\src\main_task_exp.c(226): error:  #147-D: declaration is incompatible with "OS_RESULT _os_mut_wait(U32, OS_ID, U16)__svc(2147483648)" (declared at line 316 of "C:\Keil\ARM\RV31\INC\RTL.h")
C:\Users\Nastia\Desktop\repos\ECE254-labs\lab2-student\starter\RTX_App\src\main_task_exp.c(228): error:  #79: expected a type specifier
C:\Users\Nastia\Desktop\repos\ECE254-labs\lab2-student\starter\RTX_App\src\main_task_exp.c(228): error:  #757: variable "g_mut_uart" is not a type name
C:\Users\Nastia\Desktop\repos\ECE254-labs\lab2-student\starter\RTX_App\src\main_task_exp.c(228): warning:  #77-D: this declaration has no storage class or type specifier
C:\Users\Nastia\Desktop\repos\ECE254-labs\lab2-student\starter\RTX_App\src\main_task_exp.c(228): error:  #147-D: declaration is incompatible with "OS_RESULT _os_mut_release(U32, OS_ID)__svc(2147483648)" (declared at line 315 of "C:\Keil\ARM\RV31\INC\RTL.h")
C:\Users\Nastia\Desktop\repos\ECE254-labs\lab2-student\starter\RTX_App\src\main_task_exp.c(230): error:  #77-D: this declaration has no storage class or type specifier
C:\Users\Nastia\Desktop\repos\ECE254-labs\lab2-student\starter\RTX_App\src\main_task_exp.c(230): error:  #147: declaration is incompatible with "OS_TID g_tid" (declared at line 44)
C:\Users\Nastia\Desktop\repos\ECE254-labs\lab2-student\starter\RTX_App\src\main_task_exp.c(230): error:  #59: function call is not allowed in a constant expression
C:\Users\Nastia\Desktop\repos\ECE254-labs\lab2-student\starter\RTX_App\src\main_task_exp.c(230): warning:  #1296-D: extended constant initialiser used
C:\Users\Nastia\Desktop\repos\ECE254-labs\lab2-student\starter\RTX_App\src\main_task_exp.c(231): error:  #79: expected a type specifier
C:\Users\Nastia\Desktop\repos\ECE254-labs\lab2-student\starter\RTX_App\src\main_task_exp.c(231): error:  #757: variable "g_mut_uart" is not a type name
C:\Users\Nastia\Desktop\repos\ECE254-labs\lab2-student\starter\RTX_App\src\main_task_exp.c(231): error:  #79: expected a type specifier
C:\Users\Nastia\Desktop\repos\ECE254-labs\lab2-student\starter\RTX_App\src\main_task_exp.c(231): warning:  #77-D: this declaration has no storage class or type specifier
C:\Users\Nastia\Desktop\repos\ECE254-labs\lab2-student\starter\RTX_App\src\main_task_exp.c(233): error:  #79: expected a type specifier
C:\Users\Nastia\Desktop\repos\ECE254-labs\lab2-student\starter\RTX_App\src\main_task_exp.c(233): error:  #757: variable "g_mut_uart" is not a type name
C:\Users\Nastia\Desktop\repos\ECE254-labs\lab2-student\starter\RTX_App\src\main_task_exp.c(233): warning:  #77-D: this declaration has no storage class or type specifier
C:\Users\Nastia\Desktop\repos\ECE254-labs\lab2-student\starter\RTX_App\src\main_task_exp.c(240): error:  #79: expected a type specifier
C:\Users\Nastia\Desktop\repos\ECE254-labs\lab2-student\starter\RTX_App\src\main_task_exp.c(240): error:  #79: expected a type specifier
C:\Users\Nastia\Desktop\repos\ECE254-labs\lab2-student\starter\RTX_App\src\main_task_exp.c(240): warning:  #77-D: this declaration has no storage class or type specifier
C:\Users\Nastia\Desktop\repos\ECE254-labs\lab2-student\starter\RTX_App\src\main_task_exp.c(240): error:  #147-D: declaration is incompatible with "OS_RESULT _os_tsk_delete(U32, OS_TID)__svc(2147483648)" (declared at line 248 of "C:\Keil\ARM\RV31\INC\RTL.h")
C:\Users\Nastia\Desktop\repos\ECE254-labs\lab2-student\starter\RTX_App\src\main_task_exp.c(241): error:  #169: expected a declaration
C:\Users\Nastia\Desktop\repos\ECE254-labs\lab2-student\starter\RTX_App\src\main_task_exp.c(271): warning:  #12-D: parsing restarts here after previous syntax error
C:\Users\Nastia\Desktop\repos\ECE254-labs\lab2-student\starter\RTX_App\src\main_task_exp.c(272): error:  #169: expected a declaration
C:\Users\Nastia\Desktop\repos\ECE254-labs\lab2-student\starter\RTX_App\src\main_task_exp.c(273): error:  #169: expected a declaration
C:\Users\Nastia\Desktop\repos\ECE254-labs\lab2-student\starter\RTX_App\src\main_task_exp.c(275): error:  #169: expected a declaration
C:\Users\Nastia\Desktop\repos\ECE254-labs\lab2-student\starter\RTX_App\src\main_task_exp.c(276): error:  #169: expected a declaration
C:\Users\Nastia\Desktop\repos\ECE254-labs\lab2-student\starter\RTX_App\src\main_task_exp.c(278): error:  #169: expected a declaration
C:\Users\Nastia\Desktop\repos\ECE254-labs\lab2-student\starter\RTX_App\src\main_task_exp.c(279): error:  #169: expected a declaration
C:\Users\Nastia\Desktop\repos\ECE254-labs\lab2-student\starter\RTX_App\src\main_task_exp.c(281): error:  #169: expected a declaration
Target not created
  
*** Note: 'Create Batch File' is active - using 'Rebuild'.
Rebuild Project 'RTX_Lib_CM' - Target 'CM3_LE'
compiling rt_Task.c...
compiling rt_System.c...
compiling rt_Event.c...
compiling rt_List.c...
compiling rt_Mailbox.c...
compiling rt_Semaphore.c...
compiling rt_Time.c...
compiling rt_Timer.c...
compiling rt_Mutex.c...
compiling rt_Robin.c...
compiling rt_MemBox.c...
compiling rt_Task_ext.c...
C:\Users\Nastia\Desktop\repos\ECE254-labs\lab2-student\starter\RTX_CM3\SRC\CM\rt_Task_ext.c(52): warning:  #177-D: variable "current_task" was declared but never referenced
compiling rt_MemBox_ext.c...
assembling SVC_Table.s...
compiling HAL_CM3.c...
C:\Users\Nastia\Desktop\repos\ECE254-labs\lab2-student\starter\RTX_CM3\SRC\CM\HAL_CM3.c(328): warning:  #9-D: nested comment is not allowed
creating Library...
User command #1: cmd.exe /C copy ArInp.Scr CM3_LE\BuildLib.scr
        1 file(s) copied.
".\CM3_LE\RTX_CM3.lib" - 0 Error(s), 2 Warning(s).
  
Build Project 'RTX_App' - Target 'Starter SIM'
compiling main_task_exp.c...
C:\Users\Nastia\Desktop\repos\ECE254-labs\lab2-student\starter\RTX_App\src\main_task_exp.c(126): warning:  #174-D: expression has no effect
C:\Users\Nastia\Desktop\repos\ECE254-labs\lab2-student\starter\RTX_App\src\main_task_exp.c(169): error:  #79: expected a type specifier
C:\Users\Nastia\Desktop\repos\ECE254-labs\lab2-student\starter\RTX_App\src\main_task_exp.c(169): warning:  #77-D: this declaration has no storage class or type specifier
C:\Users\Nastia\Desktop\repos\ECE254-labs\lab2-student\starter\RTX_App\src\main_task_exp.c(169): error:  #147-D: declaration is incompatible with "int printf(const char *restrict, ...)" (declared at line 365 of "C:\Keil\ARM\ARMCC\bin\..\include\stdio.h")
C:\Users\Nastia\Desktop\repos\ECE254-labs\lab2-student\starter\RTX_App\src\main_task_exp.c(170): error:  #169: expected a declaration
C:\Users\Nastia\Desktop\repos\ECE254-labs\lab2-student\starter\RTX_App\src\main_task_exp.c(179): warning:  #12-D: parsing restarts here after previous syntax error
C:\Users\Nastia\Desktop\repos\ECE254-labs\lab2-student\starter\RTX_App\src\main_task_exp.c(180): error:  #169: expected a declaration
C:\Users\Nastia\Desktop\repos\ECE254-labs\lab2-student\starter\RTX_App\src\main_task_exp.c(225): warning:  #12-D: parsing restarts here after previous syntax error
C:\Users\Nastia\Desktop\repos\ECE254-labs\lab2-student\starter\RTX_App\src\main_task_exp.c(226): error:  #79: expected a type specifier
C:\Users\Nastia\Desktop\repos\ECE254-labs\lab2-student\starter\RTX_App\src\main_task_exp.c(226): error:  #757: variable "g_mut_uart" is not a type name
C:\Users\Nastia\Desktop\repos\ECE254-labs\lab2-student\starter\RTX_App\src\main_task_exp.c(226): error:  #79: expected a type specifier
C:\Users\Nastia\Desktop\repos\ECE254-labs\lab2-student\starter\RTX_App\src\main_task_exp.c(226): warning:  #77-D: this declaration has no storage class or type specifier
C:\Users\Nastia\Desktop\repos\ECE254-labs\lab2-student\starter\RTX_App\src\main_task_exp.c(226): error:  #147-D: declaration is incompatible with "OS_RESULT _os_mut_wait(U32, OS_ID, U16)__svc(2147483648)" (declared at line 316 of "C:\Keil\ARM\RV31\INC\RTL.h")
C:\Users\Nastia\Desktop\repos\ECE254-labs\lab2-student\starter\RTX_App\src\main_task_exp.c(228): error:  #79: expected a type specifier
C:\Users\Nastia\Desktop\repos\ECE254-labs\lab2-student\starter\RTX_App\src\main_task_exp.c(228): error:  #757: variable "g_mut_uart" is not a type name
C:\Users\Nastia\Desktop\repos\ECE254-labs\lab2-student\starter\RTX_App\src\main_task_exp.c(228): warning:  #77-D: this declaration has no storage class or type specifier
C:\Users\Nastia\Desktop\repos\ECE254-labs\lab2-student\starter\RTX_App\src\main_task_exp.c(228): error:  #147-D: declaration is incompatible with "OS_RESULT _os_mut_release(U32, OS_ID)__svc(2147483648)" (declared at line 315 of "C:\Keil\ARM\RV31\INC\RTL.h")
C:\Users\Nastia\Desktop\repos\ECE254-labs\lab2-student\starter\RTX_App\src\main_task_exp.c(230): error:  #77-D: this declaration has no storage class or type specifier
C:\Users\Nastia\Desktop\repos\ECE254-labs\lab2-student\starter\RTX_App\src\main_task_exp.c(230): error:  #147: declaration is incompatible with "OS_TID g_tid" (declared at line 44)
C:\Users\Nastia\Desktop\repos\ECE254-labs\lab2-student\starter\RTX_App\src\main_task_exp.c(230): error:  #59: function call is not allowed in a constant expression
C:\Users\Nastia\Desktop\repos\ECE254-labs\lab2-student\starter\RTX_App\src\main_task_exp.c(230): warning:  #1296-D: extended constant initialiser used
C:\Users\Nastia\Desktop\repos\ECE254-labs\lab2-student\starter\RTX_App\src\main_task_exp.c(231): error:  #79: expected a type specifier
C:\Users\Nastia\Desktop\repos\ECE254-labs\lab2-student\starter\RTX_App\src\main_task_exp.c(231): error:  #757: variable "g_mut_uart" is not a type name
C:\Users\Nastia\Desktop\repos\ECE254-labs\lab2-student\starter\RTX_App\src\main_task_exp.c(231): error:  #79: expected a type specifier
C:\Users\Nastia\Desktop\repos\ECE254-labs\lab2-student\starter\RTX_App\src\main_task_exp.c(231): warning:  #77-D: this declaration has no storage class or type specifier
C:\Users\Nastia\Desktop\repos\ECE254-labs\lab2-student\starter\RTX_App\src\main_task_exp.c(233): error:  #79: expected a type specifier
C:\Users\Nastia\Desktop\repos\ECE254-labs\lab2-student\starter\RTX_App\src\main_task_exp.c(233): error:  #757: variable "g_mut_uart" is not a type name
C:\Users\Nastia\Desktop\repos\ECE254-labs\lab2-student\starter\RTX_App\src\main_task_exp.c(233): warning:  #77-D: this declaration has no storage class or type specifier
C:\Users\Nastia\Desktop\repos\ECE254-labs\lab2-student\starter\RTX_App\src\main_task_exp.c(240): error:  #79: expected a type specifier
C:\Users\Nastia\Desktop\repos\ECE254-labs\lab2-student\starter\RTX_App\src\main_task_exp.c(240): error:  #79: expected a type specifier
C:\Users\Nastia\Desktop\repos\ECE254-labs\lab2-student\starter\RTX_App\src\main_task_exp.c(240): warning:  #77-D: this declaration has no storage class or type specifier
C:\Users\Nastia\Desktop\repos\ECE254-labs\lab2-student\starter\RTX_App\src\main_task_exp.c(240): error:  #147-D: declaration is incompatible with "OS_RESULT _os_tsk_delete(U32, OS_TID)__svc(2147483648)" (declared at line 248 of "C:\Keil\ARM\RV31\INC\RTL.h")
C:\Users\Nastia\Desktop\repos\ECE254-labs\lab2-student\starter\RTX_App\src\main_task_exp.c(241): error:  #169: expected a declaration
C:\Users\Nastia\Desktop\repos\ECE254-labs\lab2-student\starter\RTX_App\src\main_task_exp.c(271): warning:  #12-D: parsing restarts here after previous syntax error
C:\Users\Nastia\Desktop\repos\ECE254-labs\lab2-student\starter\RTX_App\src\main_task_exp.c(272): error:  #169: expected a declaration
C:\Users\Nastia\Desktop\repos\ECE254-labs\lab2-student\starter\RTX_App\src\main_task_exp.c(273): error:  #169: expected a declaration
C:\Users\Nastia\Desktop\repos\ECE254-labs\lab2-student\starter\RTX_App\src\main_task_exp.c(275): error:  #169: expected a declaration
C:\Users\Nastia\Desktop\repos\ECE254-labs\lab2-student\starter\RTX_App\src\main_task_exp.c(276): error:  #169: expected a declaration
C:\Users\Nastia\Desktop\repos\ECE254-labs\lab2-student\starter\RTX_App\src\main_task_exp.c(278): error:  #169: expected a declaration
C:\Users\Nastia\Desktop\repos\ECE254-labs\lab2-student\starter\RTX_App\src\main_task_exp.c(279): error:  #169: expected a declaration
C:\Users\Nastia\Desktop\repos\ECE254-labs\lab2-student\starter\RTX_App\src\main_task_exp.c(281): error:  #169: expected a declaration
Target not created
  
*** Note: 'Create Batch File' is active - using 'Rebuild'.
Rebuild Project 'RTX_Lib_CM' - Target 'CM3_LE'
compiling rt_Task.c...
compiling rt_System.c...
compiling rt_Event.c...
compiling rt_List.c...
compiling rt_Mailbox.c...
compiling rt_Semaphore.c...
compiling rt_Time.c...
compiling rt_Timer.c...
compiling rt_Mutex.c...
compiling rt_Robin.c...
compiling rt_MemBox.c...
compiling rt_Task_ext.c...
C:\Users\Nastia\Desktop\repos\ECE254-labs\lab2-student\starter\RTX_CM3\SRC\CM\rt_Task_ext.c(52): warning:  #177-D: variable "current_task" was declared but never referenced
compiling rt_MemBox_ext.c...
assembling SVC_Table.s...
compiling HAL_CM3.c...
C:\Users\Nastia\Desktop\repos\ECE254-labs\lab2-student\starter\RTX_CM3\SRC\CM\HAL_CM3.c(328): warning:  #9-D: nested comment is not allowed
creating Library...
User command #1: cmd.exe /C copy ArInp.Scr CM3_LE\BuildLib.scr
        1 file(s) copied.
".\CM3_LE\RTX_CM3.lib" - 0 Error(s), 2 Warning(s).
  
Build Project 'RTX_App' - Target 'Starter SIM'
compiling main_task_exp.c...
C:\Users\Nastia\Desktop\repos\ECE254-labs\lab2-student\starter\RTX_App\src\main_task_exp.c(126): warning:  #174-D: expression has no effect
C:\Users\Nastia\Desktop\repos\ECE254-labs\lab2-student\starter\RTX_App\src\main_task_exp.c(170): error:  #169: expected a declaration
C:\Users\Nastia\Desktop\repos\ECE254-labs\lab2-student\starter\RTX_App\src\main_task_exp.c(225): warning:  #12-D: parsing restarts here after previous syntax error
C:\Users\Nastia\Desktop\repos\ECE254-labs\lab2-student\starter\RTX_App\src\main_task_exp.c(226): error:  #79: expected a type specifier
C:\Users\Nastia\Desktop\repos\ECE254-labs\lab2-student\starter\RTX_App\src\main_task_exp.c(226): error:  #757: variable "g_mut_uart" is not a type name
C:\Users\Nastia\Desktop\repos\ECE254-labs\lab2-student\starter\RTX_App\src\main_task_exp.c(226): error:  #79: expected a type specifier
C:\Users\Nastia\Desktop\repos\ECE254-labs\lab2-student\starter\RTX_App\src\main_task_exp.c(226): warning:  #77-D: this declaration has no storage class or type specifier
C:\Users\Nastia\Desktop\repos\ECE254-labs\lab2-student\starter\RTX_App\src\main_task_exp.c(226): error:  #147-D: declaration is incompatible with "OS_RESULT _os_mut_wait(U32, OS_ID, U16)__svc(2147483648)" (declared at line 316 of "C:\Keil\ARM\RV31\INC\RTL.h")
C:\Users\Nastia\Desktop\repos\ECE254-labs\lab2-student\starter\RTX_App\src\main_task_exp.c(228): error:  #79: expected a type specifier
C:\Users\Nastia\Desktop\repos\ECE254-labs\lab2-student\starter\RTX_App\src\main_task_exp.c(228): error:  #757: variable "g_mut_uart" is not a type name
C:\Users\Nastia\Desktop\repos\ECE254-labs\lab2-student\starter\RTX_App\src\main_task_exp.c(228): warning:  #77-D: this declaration has no storage class or type specifier
C:\Users\Nastia\Desktop\repos\ECE254-labs\lab2-student\starter\RTX_App\src\main_task_exp.c(228): error:  #147-D: declaration is incompatible with "OS_RESULT _os_mut_release(U32, OS_ID)__svc(2147483648)" (declared at line 315 of "C:\Keil\ARM\RV31\INC\RTL.h")
C:\Users\Nastia\Desktop\repos\ECE254-labs\lab2-student\starter\RTX_App\src\main_task_exp.c(230): error:  #77-D: this declaration has no storage class or type specifier
C:\Users\Nastia\Desktop\repos\ECE254-labs\lab2-student\starter\RTX_App\src\main_task_exp.c(230): error:  #147: declaration is incompatible with "OS_TID g_tid" (declared at line 44)
C:\Users\Nastia\Desktop\repos\ECE254-labs\lab2-student\starter\RTX_App\src\main_task_exp.c(230): error:  #59: function call is not allowed in a constant expression
C:\Users\Nastia\Desktop\repos\ECE254-labs\lab2-student\starter\RTX_App\src\main_task_exp.c(230): warning:  #1296-D: extended constant initialiser used
C:\Users\Nastia\Desktop\repos\ECE254-labs\lab2-student\starter\RTX_App\src\main_task_exp.c(231): error:  #79: expected a type specifier
C:\Users\Nastia\Desktop\repos\ECE254-labs\lab2-student\starter\RTX_App\src\main_task_exp.c(231): error:  #757: variable "g_mut_uart" is not a type name
C:\Users\Nastia\Desktop\repos\ECE254-labs\lab2-student\starter\RTX_App\src\main_task_exp.c(231): error:  #79: expected a type specifier
C:\Users\Nastia\Desktop\repos\ECE254-labs\lab2-student\starter\RTX_App\src\main_task_exp.c(231): warning:  #77-D: this declaration has no storage class or type specifier
C:\Users\Nastia\Desktop\repos\ECE254-labs\lab2-student\starter\RTX_App\src\main_task_exp.c(233): error:  #79: expected a type specifier
C:\Users\Nastia\Desktop\repos\ECE254-labs\lab2-student\starter\RTX_App\src\main_task_exp.c(233): error:  #757: variable "g_mut_uart" is not a type name
C:\Users\Nastia\Desktop\repos\ECE254-labs\lab2-student\starter\RTX_App\src\main_task_exp.c(233): warning:  #77-D: this declaration has no storage class or type specifier
C:\Users\Nastia\Desktop\repos\ECE254-labs\lab2-student\starter\RTX_App\src\main_task_exp.c(240): error:  #79: expected a type specifier
C:\Users\Nastia\Desktop\repos\ECE254-labs\lab2-student\starter\RTX_App\src\main_task_exp.c(240): error:  #79: expected a type specifier
C:\Users\Nastia\Desktop\repos\ECE254-labs\lab2-student\starter\RTX_App\src\main_task_exp.c(240): warning:  #77-D: this declaration has no storage class or type specifier
C:\Users\Nastia\Desktop\repos\ECE254-labs\lab2-student\starter\RTX_App\src\main_task_exp.c(240): error:  #147-D: declaration is incompatible with "OS_RESULT _os_tsk_delete(U32, OS_TID)__svc(2147483648)" (declared at line 248 of "C:\Keil\ARM\RV31\INC\RTL.h")
C:\Users\Nastia\Desktop\repos\ECE254-labs\lab2-student\starter\RTX_App\src\main_task_exp.c(241): error:  #169: expected a declaration
C:\Users\Nastia\Desktop\repos\ECE254-labs\lab2-student\starter\RTX_App\src\main_task_exp.c(271): warning:  #12-D: parsing restarts here after previous syntax error
C:\Users\Nastia\Desktop\repos\ECE254-labs\lab2-student\starter\RTX_App\src\main_task_exp.c(272): error:  #169: expected a declaration
C:\Users\Nastia\Desktop\repos\ECE254-labs\lab2-student\starter\RTX_App\src\main_task_exp.c(273): error:  #169: expected a declaration
C:\Users\Nastia\Desktop\repos\ECE254-labs\lab2-student\starter\RTX_App\src\main_task_exp.c(275): error:  #169: expected a declaration
C:\Users\Nastia\Desktop\repos\ECE254-labs\lab2-student\starter\RTX_App\src\main_task_exp.c(276): error:  #169: expected a declaration
C:\Users\Nastia\Desktop\repos\ECE254-labs\lab2-student\starter\RTX_App\src\main_task_exp.c(278): error:  #169: expected a declaration
C:\Users\Nastia\Desktop\repos\ECE254-labs\lab2-student\starter\RTX_App\src\main_task_exp.c(279): error:  #169: expected a declaration
C:\Users\Nastia\Desktop\repos\ECE254-labs\lab2-student\starter\RTX_App\src\main_task_exp.c(281): error:  #169: expected a declaration
C:\Users\Nastia\Desktop\repos\ECE254-labs\lab2-student\starter\RTX_App\src\main_task_exp.c(282): error:  #169: expected a declaration
C:\Users\Nastia\Desktop\repos\ECE254-labs\lab2-student\starter\RTX_App\src\main_task_exp.c(284): error:  #169: expected a declaration
C:\Users\Nastia\Desktop\repos\ECE254-labs\lab2-student\starter\RTX_App\src\main_task_exp.c(285): error:  #169: expected a declaration
Target not created
  
*** Note: 'Create Batch File' is active - using 'Rebuild'.
Rebuild Project 'RTX_Lib_CM' - Target 'CM3_LE'
compiling rt_Task.c...
compiling rt_System.c...
compiling rt_Event.c...
compiling rt_List.c...
compiling rt_Mailbox.c...
compiling rt_Semaphore.c...
compiling rt_Time.c...
compiling rt_Timer.c...
compiling rt_Mutex.c...
compiling rt_Robin.c...
compiling rt_MemBox.c...
compiling rt_Task_ext.c...
C:\Users\Nastia\Desktop\repos\ECE254-labs\lab2-student\starter\RTX_CM3\SRC\CM\rt_Task_ext.c(52): warning:  #177-D: variable "current_task" was declared but never referenced
compiling rt_MemBox_ext.c...
assembling SVC_Table.s...
compiling HAL_CM3.c...
C:\Users\Nastia\Desktop\repos\ECE254-labs\lab2-student\starter\RTX_CM3\SRC\CM\HAL_CM3.c(328): warning:  #9-D: nested comment is not allowed
creating Library...
User command #1: cmd.exe /C copy ArInp.Scr CM3_LE\BuildLib.scr
        1 file(s) copied.
".\CM3_LE\RTX_CM3.lib" - 0 Error(s), 2 Warning(s).
  
Build Project 'RTX_App' - Target 'Starter SIM'
compiling main_task_exp.c...
C:\Users\Nastia\Desktop\repos\ECE254-labs\lab2-student\starter\RTX_App\src\main_task_exp.c(126): warning:  #174-D: expression has no effect
C:\Users\Nastia\Desktop\repos\ECE254-labs\lab2-student\starter\RTX_App\src\main_task_exp.c(168): warning:  #111-D: statement is unreachable
C:\Users\Nastia\Desktop\repos\ECE254-labs\lab2-student\starter\RTX_App\src\main_task_exp.c(177): warning:  #111-D: statement is unreachable
linking...
Program Size: Code=6712 RO-data=276 RW-data=216 ZI-data=8800  
".\build\FLASH\RTX_APP.axf" - 0 Error(s), 3 Warning(s).
  
*** Note: 'Create Batch File' is active - using 'Rebuild'.
Rebuild Project 'RTX_Lib_CM' - Target 'CM3_LE'
compiling rt_Task.c...
compiling rt_System.c...
compiling rt_Event.c...
compiling rt_List.c...
compiling rt_Mailbox.c...
compiling rt_Semaphore.c...
compiling rt_Time.c...
compiling rt_Timer.c...
compiling rt_Mutex.c...
compiling rt_Robin.c...
compiling rt_MemBox.c...
compiling rt_Task_ext.c...
C:\Users\Nastia\Desktop\repos\ECE254-labs\lab2-student\starter\RTX_CM3\SRC\CM\rt_Task_ext.c(52): warning:  #177-D: variable "current_task" was declared but never referenced
compiling rt_MemBox_ext.c...
assembling SVC_Table.s...
compiling HAL_CM3.c...
C:\Users\Nastia\Desktop\repos\ECE254-labs\lab2-student\starter\RTX_CM3\SRC\CM\HAL_CM3.c(328): warning:  #9-D: nested comment is not allowed
creating Library...
User command #1: cmd.exe /C copy ArInp.Scr CM3_LE\BuildLib.scr
        1 file(s) copied.
".\CM3_LE\RTX_CM3.lib" - 0 Error(s), 2 Warning(s).
  
Build Project 'RTX_App' - Target 'Starter SIM'
compiling main_task_exp.c...
C:\Users\Nastia\Desktop\repos\ECE254-labs\lab2-student\starter\RTX_App\src\main_task_exp.c(126): warning:  #174-D: expression has no effect
C:\Users\Nastia\Desktop\repos\ECE254-labs\lab2-student\starter\RTX_App\src\main_task_exp.c(168): warning:  #111-D: statement is unreachable
C:\Users\Nastia\Desktop\repos\ECE254-labs\lab2-student\starter\RTX_App\src\main_task_exp.c(177): warning:  #111-D: statement is unreachable
linking...
Program Size: Code=6856 RO-data=276 RW-data=216 ZI-data=8800  
".\build\FLASH\RTX_APP.axf" - 0 Error(s), 3 Warning(s).
  
*** Note: 'Create Batch File' is active - using 'Rebuild'.
Rebuild Project 'RTX_Lib_CM' - Target 'CM3_LE'
compiling rt_Task.c...
compiling rt_System.c...
compiling rt_Event.c...
compiling rt_List.c...
compiling rt_Mailbox.c...
compiling rt_Semaphore.c...
compiling rt_Time.c...
compiling rt_Timer.c...
compiling rt_Mutex.c...
compiling rt_Robin.c...
compiling rt_MemBox.c...
compiling rt_Task_ext.c...
C:\Users\Nastia\Desktop\repos\ECE254-labs\lab2-student\starter\RTX_CM3\SRC\CM\rt_Task_ext.c(52): warning:  #177-D: variable "current_task" was declared but never referenced
compiling rt_MemBox_ext.c...
assembling SVC_Table.s...
compiling HAL_CM3.c...
C:\Users\Nastia\Desktop\repos\ECE254-labs\lab2-student\starter\RTX_CM3\SRC\CM\HAL_CM3.c(328): warning:  #9-D: nested comment is not allowed
creating Library...
User command #1: cmd.exe /C copy ArInp.Scr CM3_LE\BuildLib.scr
        1 file(s) copied.
".\CM3_LE\RTX_CM3.lib" - 0 Error(s), 2 Warning(s).
  
Build Project 'RTX_App' - Target 'Starter SIM'
linking...
Program Size: Code=6856 RO-data=276 RW-data=216 ZI-data=8800  
".\build\FLASH\RTX_APP.axf" - 0 Error(s), 0 Warning(s).
  
*** Note: 'Create Batch File' is active - using 'Rebuild'.
Rebuild Project 'RTX_Lib_CM' - Target 'CM3_LE'
compiling rt_Task.c...
compiling rt_System.c...
compiling rt_Event.c...
compiling rt_List.c...
compiling rt_Mailbox.c...
compiling rt_Semaphore.c...
compiling rt_Time.c...
compiling rt_Timer.c...
compiling rt_Mutex.c...
compiling rt_Robin.c...
compiling rt_MemBox.c...
compiling rt_Task_ext.c...
C:\Users\Nastia\Desktop\repos\ECE254-labs\lab2-student\starter\RTX_CM3\SRC\CM\rt_Task_ext.c(52): warning:  #177-D: variable "current_task" was declared but never referenced
compiling rt_MemBox_ext.c...
assembling SVC_Table.s...
compiling HAL_CM3.c...
C:\Users\Nastia\Desktop\repos\ECE254-labs\lab2-student\starter\RTX_CM3\SRC\CM\HAL_CM3.c(328): warning:  #9-D: nested comment is not allowed
creating Library...
User command #1: cmd.exe /C copy ArInp.Scr CM3_LE\BuildLib.scr
        1 file(s) copied.
".\CM3_LE\RTX_CM3.lib" - 0 Error(s), 2 Warning(s).
  
Build Project 'RTX_App' - Target 'Starter SIM'
linking...
Program Size: Code=6856 RO-data=276 RW-data=216 ZI-data=8800  
".\build\FLASH\RTX_APP.axf" - 0 Error(s), 0 Warning(s).
  
*** Note: 'Create Batch File' is active - using 'Rebuild'.
Rebuild Project 'RTX_Lib_CM' - Target 'CM3_LE'
compiling rt_Task.c...
compiling rt_System.c...
compiling rt_Event.c...
compiling rt_List.c...
compiling rt_Mailbox.c...
compiling rt_Semaphore.c...
compiling rt_Time.c...
compiling rt_Timer.c...
compiling rt_Mutex.c...
compiling rt_Robin.c...
compiling rt_MemBox.c...
compiling rt_Task_ext.c...
C:\Users\Nastia\Desktop\repos\ECE254-labs\lab2-student\starter\RTX_CM3\SRC\CM\rt_Task_ext.c(52): warning:  #177-D: variable "current_task" was declared but never referenced
compiling rt_MemBox_ext.c...
assembling SVC_Table.s...
compiling HAL_CM3.c...
C:\Users\Nastia\Desktop\repos\ECE254-labs\lab2-student\starter\RTX_CM3\SRC\CM\HAL_CM3.c(328): warning:  #9-D: nested comment is not allowed
creating Library...
User command #1: cmd.exe /C copy ArInp.Scr CM3_LE\BuildLib.scr
        1 file(s) copied.
".\CM3_LE\RTX_CM3.lib" - 0 Error(s), 2 Warning(s).
  
Build Project 'RTX_App' - Target 'Starter SIM'
linking...
Program Size: Code=6856 RO-data=276 RW-data=216 ZI-data=8800  
".\build\FLASH\RTX_APP.axf" - 0 Error(s), 0 Warning(s).
  
*** Note: 'Create Batch File' is active - using 'Rebuild'.
Rebuild Project 'RTX_Lib_CM' - Target 'CM3_LE'
compiling rt_Task.c...
compiling rt_System.c...
compiling rt_Event.c...
compiling rt_List.c...
compiling rt_Mailbox.c...
compiling rt_Semaphore.c...
compiling rt_Time.c...
compiling rt_Timer.c...
compiling rt_Mutex.c...
compiling rt_Robin.c...
compiling rt_MemBox.c...
compiling rt_Task_ext.c...
C:\Users\Nastia\Desktop\repos\ECE254-labs\lab2-student\starter\RTX_CM3\SRC\CM\rt_Task_ext.c(52): warning:  #177-D: variable "current_task" was declared but never referenced
compiling rt_MemBox_ext.c...
assembling SVC_Table.s...
compiling HAL_CM3.c...
C:\Users\Nastia\Desktop\repos\ECE254-labs\lab2-student\starter\RTX_CM3\SRC\CM\HAL_CM3.c(328): warning:  #9-D: nested comment is not allowed
creating Library...
User command #1: cmd.exe /C copy ArInp.Scr CM3_LE\BuildLib.scr
        1 file(s) copied.
".\CM3_LE\RTX_CM3.lib" - 0 Error(s), 2 Warning(s).
  
Build Project 'RTX_App' - Target 'Starter SIM'
compiling main_task_exp.c...
C:\Users\Nastia\Desktop\repos\ECE254-labs\lab2-student\starter\RTX_App\src\main_task_exp.c(126): warning:  #174-D: expression has no effect
C:\Users\Nastia\Desktop\repos\ECE254-labs\lab2-student\starter\RTX_App\src\main_task_exp.c(168): warning:  #111-D: statement is unreachable
C:\Users\Nastia\Desktop\repos\ECE254-labs\lab2-student\starter\RTX_App\src\main_task_exp.c(177): warning:  #111-D: statement is unreachable
linking...
Program Size: Code=6856 RO-data=276 RW-data=216 ZI-data=8800  
".\build\FLASH\RTX_APP.axf" - 0 Error(s), 3 Warning(s).
  
*** Note: 'Create Batch File' is active - using 'Rebuild'.
Rebuild Project 'RTX_Lib_CM' - Target 'CM3_LE'
compiling rt_Task.c...
compiling rt_System.c...
compiling rt_Event.c...
compiling rt_List.c...
compiling rt_Mailbox.c...
compiling rt_Semaphore.c...
compiling rt_Time.c...
compiling rt_Timer.c...
compiling rt_Mutex.c...
compiling rt_Robin.c...
compiling rt_MemBox.c...
compiling rt_Task_ext.c...
C:\Users\Nastia\Desktop\repos\ECE254-labs\lab2-student\starter\RTX_CM3\SRC\CM\rt_Task_ext.c(52): warning:  #177-D: variable "current_task" was declared but never referenced
compiling rt_MemBox_ext.c...
assembling SVC_Table.s...
compiling HAL_CM3.c...
C:\Users\Nastia\Desktop\repos\ECE254-labs\lab2-student\starter\RTX_CM3\SRC\CM\HAL_CM3.c(328): warning:  #9-D: nested comment is not allowed
creating Library...
User command #1: cmd.exe /C copy ArInp.Scr CM3_LE\BuildLib.scr
        1 file(s) copied.
".\CM3_LE\RTX_CM3.lib" - 0 Error(s), 2 Warning(s).
  
Build Project 'RTX_App' - Target 'Starter SIM'
compiling main_task_exp.c...
C:\Users\Nastia\Desktop\repos\ECE254-labs\lab2-student\starter\RTX_App\src\main_task_exp.c(126): warning:  #174-D: expression has no effect
C:\Users\Nastia\Desktop\repos\ECE254-labs\lab2-student\starter\RTX_App\src\main_task_exp.c(169): warning:  #111-D: statement is unreachable
C:\Users\Nastia\Desktop\repos\ECE254-labs\lab2-student\starter\RTX_App\src\main_task_exp.c(178): warning:  #111-D: statement is unreachable
linking...
Program Size: Code=6896 RO-data=276 RW-data=216 ZI-data=8800  
".\build\FLASH\RTX_APP.axf" - 0 Error(s), 3 Warning(s).
  
*** Note: 'Create Batch File' is active - using 'Rebuild'.
Rebuild Project 'RTX_Lib_CM' - Target 'CM3_LE'
compiling rt_Task.c...
compiling rt_System.c...
compiling rt_Event.c...
compiling rt_List.c...
compiling rt_Mailbox.c...
compiling rt_Semaphore.c...
compiling rt_Time.c...
compiling rt_Timer.c...
compiling rt_Mutex.c...
compiling rt_Robin.c...
compiling rt_MemBox.c...
compiling rt_Task_ext.c...
C:\Users\Nastia\Desktop\repos\ECE254-labs\lab2-student\starter\RTX_CM3\SRC\CM\rt_Task_ext.c(52): warning:  #177-D: variable "current_task" was declared but never referenced
compiling rt_MemBox_ext.c...
assembling SVC_Table.s...
compiling HAL_CM3.c...
C:\Users\Nastia\Desktop\repos\ECE254-labs\lab2-student\starter\RTX_CM3\SRC\CM\HAL_CM3.c(328): warning:  #9-D: nested comment is not allowed
creating Library...
User command #1: cmd.exe /C copy ArInp.Scr CM3_LE\BuildLib.scr
        1 file(s) copied.
".\CM3_LE\RTX_CM3.lib" - 0 Error(s), 2 Warning(s).
  
Build Project 'RTX_App' - Target 'Starter SIM'
compiling main_task_exp.c...
C:\Users\Nastia\Desktop\repos\ECE254-labs\lab2-student\starter\RTX_App\src\main_task_exp.c(127): warning:  #174-D: expression has no effect
C:\Users\Nastia\Desktop\repos\ECE254-labs\lab2-student\starter\RTX_App\src\main_task_exp.c(171): warning:  #111-D: statement is unreachable
C:\Users\Nastia\Desktop\repos\ECE254-labs\lab2-student\starter\RTX_App\src\main_task_exp.c(180): warning:  #111-D: statement is unreachable
linking...
Program Size: Code=6948 RO-data=276 RW-data=216 ZI-data=8928  
".\build\FLASH\RTX_APP.axf" - 0 Error(s), 3 Warning(s).
  
*** Note: 'Create Batch File' is active - using 'Rebuild'.
Rebuild Project 'RTX_Lib_CM' - Target 'CM3_LE'
compiling rt_Task.c...
compiling rt_System.c...
compiling rt_Event.c...
compiling rt_List.c...
compiling rt_Mailbox.c...
compiling rt_Semaphore.c...
compiling rt_Time.c...
compiling rt_Timer.c...
compiling rt_Mutex.c...
compiling rt_Robin.c...
compiling rt_MemBox.c...
compiling rt_Task_ext.c...
C:\Users\Nastia\Desktop\repos\ECE254-labs\lab2-student\starter\RTX_CM3\SRC\CM\rt_Task_ext.c(52): warning:  #177-D: variable "current_task" was declared but never referenced
compiling rt_MemBox_ext.c...
assembling SVC_Table.s...
compiling HAL_CM3.c...
C:\Users\Nastia\Desktop\repos\ECE254-labs\lab2-student\starter\RTX_CM3\SRC\CM\HAL_CM3.c(328): warning:  #9-D: nested comment is not allowed
creating Library...
User command #1: cmd.exe /C copy ArInp.Scr CM3_LE\BuildLib.scr
        1 file(s) copied.
".\CM3_LE\RTX_CM3.lib" - 0 Error(s), 2 Warning(s).
  
Build Project 'RTX_App' - Target 'Starter SIM'
linking...
Program Size: Code=6948 RO-data=276 RW-data=216 ZI-data=8928  
".\build\FLASH\RTX_APP.axf" - 0 Error(s), 0 Warning(s).
  
*** Note: 'Create Batch File' is active - using 'Rebuild'.
Rebuild Project 'RTX_Lib_CM' - Target 'CM3_LE'
compiling rt_Task.c...
compiling rt_System.c...
compiling rt_Event.c...
compiling rt_List.c...
compiling rt_Mailbox.c...
compiling rt_Semaphore.c...
compiling rt_Time.c...
compiling rt_Timer.c...
compiling rt_Mutex.c...
compiling rt_Robin.c...
compiling rt_MemBox.c...
compiling rt_Task_ext.c...
C:\Users\Nastia\Desktop\repos\ECE254-labs\lab2-student\starter\RTX_CM3\SRC\CM\rt_Task_ext.c(52): warning:  #177-D: variable "current_task" was declared but never referenced
compiling rt_MemBox_ext.c...
assembling SVC_Table.s...
compiling HAL_CM3.c...
C:\Users\Nastia\Desktop\repos\ECE254-labs\lab2-student\starter\RTX_CM3\SRC\CM\HAL_CM3.c(328): warning:  #9-D: nested comment is not allowed
creating Library...
User command #1: cmd.exe /C copy ArInp.Scr CM3_LE\BuildLib.scr
        1 file(s) copied.
".\CM3_LE\RTX_CM3.lib" - 0 Error(s), 2 Warning(s).
  
Build Project 'RTX_App' - Target 'Starter SIM'
compiling main_task_exp.c...
C:\Users\Nastia\Desktop\repos\ECE254-labs\lab2-student\starter\RTX_App\src\main_task_exp.c(71): warning:  #174-D: expression has no effect
C:\Users\Nastia\Desktop\repos\ECE254-labs\lab2-student\starter\RTX_App\src\main_task_exp.c(117): warning:  #111-D: statement is unreachable
C:\Users\Nastia\Desktop\repos\ECE254-labs\lab2-student\starter\RTX_App\src\main_task_exp.c(127): warning:  #111-D: statement is unreachable
linking...
Program Size: Code=7004 RO-data=276 RW-data=220 ZI-data=8932  
".\build\FLASH\RTX_APP.axf" - 0 Error(s), 3 Warning(s).
  
*** Note: 'Create Batch File' is active - using 'Rebuild'.
Rebuild Project 'RTX_Lib_CM' - Target 'CM3_LE'
compiling rt_Task.c...
compiling rt_System.c...
compiling rt_Event.c...
compiling rt_List.c...
compiling rt_Mailbox.c...
compiling rt_Semaphore.c...
compiling rt_Time.c...
compiling rt_Timer.c...
compiling rt_Mutex.c...
compiling rt_Robin.c...
compiling rt_MemBox.c...
compiling rt_Task_ext.c...
C:\Users\Nastia\Desktop\repos\ECE254-labs\lab2-student\starter\RTX_CM3\SRC\CM\rt_Task_ext.c(52): warning:  #177-D: variable "current_task" was declared but never referenced
compiling rt_MemBox_ext.c...
assembling SVC_Table.s...
compiling HAL_CM3.c...
C:\Users\Nastia\Desktop\repos\ECE254-labs\lab2-student\starter\RTX_CM3\SRC\CM\HAL_CM3.c(328): warning:  #9-D: nested comment is not allowed
creating Library...
User command #1: cmd.exe /C copy ArInp.Scr CM3_LE\BuildLib.scr
        1 file(s) copied.
".\CM3_LE\RTX_CM3.lib" - 0 Error(s), 2 Warning(s).
  
Build Project 'RTX_App' - Target 'Starter SIM'
compiling main_task_exp.c...
C:\Users\Nastia\Desktop\repos\ECE254-labs\lab2-student\starter\RTX_App\src\main_task_exp.c(71): warning:  #174-D: expression has no effect
C:\Users\Nastia\Desktop\repos\ECE254-labs\lab2-student\starter\RTX_App\src\main_task_exp.c(116): warning:  #111-D: statement is unreachable
C:\Users\Nastia\Desktop\repos\ECE254-labs\lab2-student\starter\RTX_App\src\main_task_exp.c(126): warning:  #111-D: statement is unreachable
linking...
Program Size: Code=7020 RO-data=276 RW-data=220 ZI-data=8932  
".\build\FLASH\RTX_APP.axf" - 0 Error(s), 3 Warning(s).
  
*** Note: 'Create Batch File' is active - using 'Rebuild'.
Rebuild Project 'RTX_Lib_CM' - Target 'CM3_LE'
compiling rt_Task.c...
compiling rt_System.c...
compiling rt_Event.c...
compiling rt_List.c...
compiling rt_Mailbox.c...
compiling rt_Semaphore.c...
compiling rt_Time.c...
compiling rt_Timer.c...
compiling rt_Mutex.c...
compiling rt_Robin.c...
compiling rt_MemBox.c...
compiling rt_Task_ext.c...
C:\Users\Nastia\Desktop\repos\ECE254-labs\lab2-student\starter\RTX_CM3\SRC\CM\rt_Task_ext.c(52): warning:  #177-D: variable "current_task" was declared but never referenced
compiling rt_MemBox_ext.c...
assembling SVC_Table.s...
compiling HAL_CM3.c...
C:\Users\Nastia\Desktop\repos\ECE254-labs\lab2-student\starter\RTX_CM3\SRC\CM\HAL_CM3.c(328): warning:  #9-D: nested comment is not allowed
creating Library...
User command #1: cmd.exe /C copy ArInp.Scr CM3_LE\BuildLib.scr
        1 file(s) copied.
".\CM3_LE\RTX_CM3.lib" - 0 Error(s), 2 Warning(s).
  
Build Project 'RTX_App' - Target 'Starter SIM'
compiling main_task_exp.c...
C:\Users\Nastia\Desktop\repos\ECE254-labs\lab2-student\starter\RTX_App\src\main_task_exp.c(71): warning:  #174-D: expression has no effect
C:\Users\Nastia\Desktop\repos\ECE254-labs\lab2-student\starter\RTX_App\src\main_task_exp.c(117): warning:  #111-D: statement is unreachable
C:\Users\Nastia\Desktop\repos\ECE254-labs\lab2-student\starter\RTX_App\src\main_task_exp.c(127): warning:  #111-D: statement is unreachable
linking...
Program Size: Code=7020 RO-data=276 RW-data=220 ZI-data=8932  
".\build\FLASH\RTX_APP.axf" - 0 Error(s), 3 Warning(s).
  
*** Note: 'Create Batch File' is active - using 'Rebuild'.
Rebuild Project 'RTX_Lib_CM' - Target 'CM3_LE'
compiling rt_Task.c...
compiling rt_System.c...
compiling rt_Event.c...
compiling rt_List.c...
compiling rt_Mailbox.c...
compiling rt_Semaphore.c...
compiling rt_Time.c...
compiling rt_Timer.c...
compiling rt_Mutex.c...
compiling rt_Robin.c...
compiling rt_MemBox.c...
compiling rt_Task_ext.c...
C:\Users\Nastia\Desktop\repos\ECE254-labs\lab2-student\starter\RTX_CM3\SRC\CM\rt_Task_ext.c(52): warning:  #177-D: variable "current_task" was declared but never referenced
compiling rt_MemBox_ext.c...
assembling SVC_Table.s...
compiling HAL_CM3.c...
C:\Users\Nastia\Desktop\repos\ECE254-labs\lab2-student\starter\RTX_CM3\SRC\CM\HAL_CM3.c(328): warning:  #9-D: nested comment is not allowed
creating Library...
User command #1: cmd.exe /C copy ArInp.Scr CM3_LE\BuildLib.scr
        1 file(s) copied.
".\CM3_LE\RTX_CM3.lib" - 0 Error(s), 2 Warning(s).
  
Build Project 'RTX_App' - Target 'Starter SIM'
linking...
Program Size: Code=7020 RO-data=276 RW-data=220 ZI-data=8932  
".\build\FLASH\RTX_APP.axf" - 0 Error(s), 0 Warning(s).
  
*** Note: 'Create Batch File' is active - using 'Rebuild'.
Rebuild Project 'RTX_Lib_CM' - Target 'CM3_LE'
compiling rt_Task.c...
compiling rt_System.c...
compiling rt_Event.c...
compiling rt_List.c...
compiling rt_Mailbox.c...
compiling rt_Semaphore.c...
compiling rt_Time.c...
compiling rt_Timer.c...
compiling rt_Mutex.c...
compiling rt_Robin.c...
compiling rt_MemBox.c...
compiling rt_Task_ext.c...
C:\Users\Nastia\Desktop\repos\ECE254-labs\lab2-student\starter\RTX_CM3\SRC\CM\rt_Task_ext.c(52): warning:  #177-D: variable "current_task" was declared but never referenced
compiling rt_MemBox_ext.c...
assembling SVC_Table.s...
compiling HAL_CM3.c...
C:\Users\Nastia\Desktop\repos\ECE254-labs\lab2-student\starter\RTX_CM3\SRC\CM\HAL_CM3.c(328): warning:  #9-D: nested comment is not allowed
creating Library...
User command #1: cmd.exe /C copy ArInp.Scr CM3_LE\BuildLib.scr
        1 file(s) copied.
".\CM3_LE\RTX_CM3.lib" - 0 Error(s), 2 Warning(s).
  
Build Project 'RTX_App' - Target 'Starter SIM'
compiling uart_polling.c...
compiling main_task_exp.c...
C:\Users\Nastia\Desktop\repos\ECE254-labs\lab2-student\starter\RTX_App\src\main_task_exp.c(71): warning:  #174-D: expression has no effect
C:\Users\Nastia\Desktop\repos\ECE254-labs\lab2-student\starter\RTX_App\src\main_task_exp.c(117): warning:  #111-D: statement is unreachable
C:\Users\Nastia\Desktop\repos\ECE254-labs\lab2-student\starter\RTX_App\src\main_task_exp.c(127): warning:  #111-D: statement is unreachable
linking...
Program Size: Code=7068 RO-data=276 RW-data=220 ZI-data=8932  
".\build\FLASH\RTX_APP.axf" - 0 Error(s), 3 Warning(s).
  
*** Note: 'Create Batch File' is active - using 'Rebuild'.
Rebuild Project 'RTX_Lib_CM' - Target 'CM3_LE'
compiling rt_Task.c...
compiling rt_System.c...
compiling rt_Event.c...
compiling rt_List.c...
compiling rt_Mailbox.c...
compiling rt_Semaphore.c...
compiling rt_Time.c...
compiling rt_Timer.c...
compiling rt_Mutex.c...
compiling rt_Robin.c...
compiling rt_MemBox.c...
compiling rt_Task_ext.c...
C:\Users\Nastia\Desktop\repos\ECE254-labs\lab2-student\starter\RTX_CM3\SRC\CM\rt_Task_ext.c(52): warning:  #177-D: variable "current_task" was declared but never referenced
compiling rt_MemBox_ext.c...
assembling SVC_Table.s...
compiling HAL_CM3.c...
C:\Users\Nastia\Desktop\repos\ECE254-labs\lab2-student\starter\RTX_CM3\SRC\CM\HAL_CM3.c(328): warning:  #9-D: nested comment is not allowed
creating Library...
User command #1: cmd.exe /C copy ArInp.Scr CM3_LE\BuildLib.scr
        1 file(s) copied.
".\CM3_LE\RTX_CM3.lib" - 0 Error(s), 2 Warning(s).
  
Build Project 'RTX_App' - Target 'Starter SIM'
compiling main_task_exp.c...
C:\Users\Nastia\Desktop\repos\ECE254-labs\lab2-student\starter\RTX_App\src\main_task_exp.c(71): warning:  #174-D: expression has no effect
C:\Users\Nastia\Desktop\repos\ECE254-labs\lab2-student\starter\RTX_App\src\main_task_exp.c(117): warning:  #111-D: statement is unreachable
C:\Users\Nastia\Desktop\repos\ECE254-labs\lab2-student\starter\RTX_App\src\main_task_exp.c(127): warning:  #111-D: statement is unreachable
linking...
Program Size: Code=7076 RO-data=276 RW-data=220 ZI-data=8932  
".\build\FLASH\RTX_APP.axf" - 0 Error(s), 3 Warning(s).
  
*** Note: 'Create Batch File' is active - using 'Rebuild'.
Rebuild Project 'RTX_Lib_CM' - Target 'CM3_LE'
compiling rt_Task.c...
compiling rt_System.c...
compiling rt_Event.c...
compiling rt_List.c...
compiling rt_Mailbox.c...
compiling rt_Semaphore.c...
compiling rt_Time.c...
compiling rt_Timer.c...
compiling rt_Mutex.c...
compiling rt_Robin.c...
compiling rt_MemBox.c...
compiling rt_Task_ext.c...
C:\Users\Nastia\Desktop\repos\ECE254-labs\lab2-student\starter\RTX_CM3\SRC\CM\rt_Task_ext.c(52): warning:  #177-D: variable "current_task" was declared but never referenced
compiling rt_MemBox_ext.c...
assembling SVC_Table.s...
compiling HAL_CM3.c...
C:\Users\Nastia\Desktop\repos\ECE254-labs\lab2-student\starter\RTX_CM3\SRC\CM\HAL_CM3.c(328): warning:  #9-D: nested comment is not allowed
creating Library...
User command #1: cmd.exe /C copy ArInp.Scr CM3_LE\BuildLib.scr
        1 file(s) copied.
".\CM3_LE\RTX_CM3.lib" - 0 Error(s), 2 Warning(s).
  
Build Project 'RTX_App' - Target 'Starter SIM'
compiling main_task_exp.c...
C:\Users\Nastia\Desktop\repos\ECE254-labs\lab2-student\starter\RTX_App\src\main_task_exp.c(71): warning:  #174-D: expression has no effect
linking...
Program Size: Code=7140 RO-data=276 RW-data=220 ZI-data=8932  
".\build\FLASH\RTX_APP.axf" - 0 Error(s), 1 Warning(s).
  
*** Note: 'Create Batch File' is active - using 'Rebuild'.
Rebuild Project 'RTX_Lib_CM' - Target 'CM3_LE'
compiling rt_Task.c...
compiling rt_System.c...
compiling rt_Event.c...
compiling rt_List.c...
compiling rt_Mailbox.c...
compiling rt_Semaphore.c...
compiling rt_Time.c...
compiling rt_Timer.c...
compiling rt_Mutex.c...
compiling rt_Robin.c...
compiling rt_MemBox.c...
compiling rt_Task_ext.c...
C:\Users\Nastia\Desktop\repos\ECE254-labs\lab2-student\starter\RTX_CM3\SRC\CM\rt_Task_ext.c(52): warning:  #177-D: variable "current_task" was declared but never referenced
compiling rt_MemBox_ext.c...
assembling SVC_Table.s...
compiling HAL_CM3.c...
C:\Users\Nastia\Desktop\repos\ECE254-labs\lab2-student\starter\RTX_CM3\SRC\CM\HAL_CM3.c(328): warning:  #9-D: nested comment is not allowed
creating Library...
User command #1: cmd.exe /C copy ArInp.Scr CM3_LE\BuildLib.scr
        1 file(s) copied.
".\CM3_LE\RTX_CM3.lib" - 0 Error(s), 2 Warning(s).
  
Build Project 'RTX_App' - Target 'Starter SIM'
linking...
Program Size: Code=7140 RO-data=276 RW-data=220 ZI-data=8932  
".\build\FLASH\RTX_APP.axf" - 0 Error(s), 0 Warning(s).
  
*** Note: 'Create Batch File' is active - using 'Rebuild'.
Rebuild Project 'RTX_Lib_CM' - Target 'CM3_LE'
compiling rt_Task.c...
compiling rt_System.c...
compiling rt_Event.c...
compiling rt_List.c...
compiling rt_Mailbox.c...
compiling rt_Semaphore.c...
compiling rt_Time.c...
compiling rt_Timer.c...
compiling rt_Mutex.c...
compiling rt_Robin.c...
compiling rt_MemBox.c...
compiling rt_Task_ext.c...
C:\Users\Nastia\Desktop\repos\ECE254-labs\lab2-student\starter\RTX_CM3\SRC\CM\rt_Task_ext.c(52): warning:  #177-D: variable "current_task" was declared but never referenced
compiling rt_MemBox_ext.c...
assembling SVC_Table.s...
compiling HAL_CM3.c...
C:\Users\Nastia\Desktop\repos\ECE254-labs\lab2-student\starter\RTX_CM3\SRC\CM\HAL_CM3.c(328): warning:  #9-D: nested comment is not allowed
creating Library...
User command #1: cmd.exe /C copy ArInp.Scr CM3_LE\BuildLib.scr
        1 file(s) copied.
".\CM3_LE\RTX_CM3.lib" - 0 Error(s), 2 Warning(s).
  
Build Project 'RTX_App' - Target 'Starter SIM'
compiling main_task_exp.c...
C:\Users\Nastia\Desktop\repos\ECE254-labs\lab2-student\starter\RTX_App\src\main_task_exp.c(71): warning:  #174-D: expression has no effect
linking...
Program Size: Code=7184 RO-data=276 RW-data=220 ZI-data=8932  
".\build\FLASH\RTX_APP.axf" - 0 Error(s), 1 Warning(s).
  
*** Note: 'Create Batch File' is active - using 'Rebuild'.
Rebuild Project 'RTX_Lib_CM' - Target 'CM3_LE'
compiling rt_Task.c...
compiling rt_System.c...
compiling rt_Event.c...
compiling rt_List.c...
compiling rt_Mailbox.c...
compiling rt_Semaphore.c...
compiling rt_Time.c...
compiling rt_Timer.c...
compiling rt_Mutex.c...
compiling rt_Robin.c...
compiling rt_MemBox.c...
compiling rt_Task_ext.c...
C:\Users\Nastia\Desktop\repos\ECE254-labs\lab2-student\starter\RTX_CM3\SRC\CM\rt_Task_ext.c(52): warning:  #177-D: variable "current_task" was declared but never referenced
compiling rt_MemBox_ext.c...
assembling SVC_Table.s...
compiling HAL_CM3.c...
C:\Users\Nastia\Desktop\repos\ECE254-labs\lab2-student\starter\RTX_CM3\SRC\CM\HAL_CM3.c(328): warning:  #9-D: nested comment is not allowed
creating Library...
User command #1: cmd.exe /C copy ArInp.Scr CM3_LE\BuildLib.scr
        1 file(s) copied.
".\CM3_LE\RTX_CM3.lib" - 0 Error(s), 2 Warning(s).
  
Build Project 'RTX_App' - Target 'Starter SIM'
compiling main_task_exp.c...
C:\Users\Nastia\Desktop\repos\ECE254-labs\lab2-student\starter\RTX_App\src\main_task_exp.c(71): warning:  #174-D: expression has no effect
linking...
.\build\FLASH\RTX_APP.axf: Error: L6218E: Undefined symbol task5 (referred from main_task_exp.o).
Target not created
  
*** Note: 'Create Batch File' is active - using 'Rebuild'.
Rebuild Project 'RTX_Lib_CM' - Target 'CM3_LE'
compiling rt_Task.c...
compiling rt_System.c...
compiling rt_Event.c...
compiling rt_List.c...
compiling rt_Mailbox.c...
compiling rt_Semaphore.c...
compiling rt_Time.c...
compiling rt_Timer.c...
compiling rt_Mutex.c...
compiling rt_Robin.c...
compiling rt_MemBox.c...
compiling rt_Task_ext.c...
C:\Users\Nastia\Desktop\repos\ECE254-labs\lab2-student\starter\RTX_CM3\SRC\CM\rt_Task_ext.c(52): warning:  #177-D: variable "current_task" was declared but never referenced
compiling rt_MemBox_ext.c...
assembling SVC_Table.s...
compiling HAL_CM3.c...
C:\Users\Nastia\Desktop\repos\ECE254-labs\lab2-student\starter\RTX_CM3\SRC\CM\HAL_CM3.c(328): warning:  #9-D: nested comment is not allowed
creating Library...
User command #1: cmd.exe /C copy ArInp.Scr CM3_LE\BuildLib.scr
        1 file(s) copied.
".\CM3_LE\RTX_CM3.lib" - 0 Error(s), 2 Warning(s).
  
Build Project 'RTX_App' - Target 'Starter SIM'
linking...
.\build\FLASH\RTX_APP.axf: Error: L6218E: Undefined symbol task5 (referred from main_task_exp.o).
Target not created
  
*** Note: 'Create Batch File' is active - using 'Rebuild'.
Rebuild Project 'RTX_Lib_CM' - Target 'CM3_LE'
compiling rt_Task.c...
compiling rt_System.c...
compiling rt_Event.c...
compiling rt_List.c...
compiling rt_Mailbox.c...
compiling rt_Semaphore.c...
compiling rt_Time.c...
compiling rt_Timer.c...
compiling rt_Mutex.c...
compiling rt_Robin.c...
compiling rt_MemBox.c...
compiling rt_Task_ext.c...
C:\Users\Nastia\Desktop\repos\ECE254-labs\lab2-student\starter\RTX_CM3\SRC\CM\rt_Task_ext.c(52): warning:  #177-D: variable "current_task" was declared but never referenced
compiling rt_MemBox_ext.c...
assembling SVC_Table.s...
compiling HAL_CM3.c...
C:\Users\Nastia\Desktop\repos\ECE254-labs\lab2-student\starter\RTX_CM3\SRC\CM\HAL_CM3.c(328): warning:  #9-D: nested comment is not allowed
creating Library...
User command #1: cmd.exe /C copy ArInp.Scr CM3_LE\BuildLib.scr
        1 file(s) copied.
".\CM3_LE\RTX_CM3.lib" - 0 Error(s), 2 Warning(s).
  
Build Project 'RTX_App' - Target 'Starter SIM'
compiling main_task_exp.c...
C:\Users\Nastia\Desktop\repos\ECE254-labs\lab2-student\starter\RTX_App\src\main_task_exp.c(69): warning:  #174-D: expression has no effect
linking...
Program Size: Code=6952 RO-data=276 RW-data=220 ZI-data=8932  
".\build\FLASH\RTX_APP.axf" - 0 Error(s), 1 Warning(s).
  
*** Note: 'Create Batch File' is active - using 'Rebuild'.
Rebuild Project 'RTX_Lib_CM' - Target 'CM3_LE'
compiling rt_Task.c...
compiling rt_System.c...
compiling rt_Event.c...
compiling rt_List.c...
compiling rt_Mailbox.c...
compiling rt_Semaphore.c...
compiling rt_Time.c...
compiling rt_Timer.c...
compiling rt_Mutex.c...
compiling rt_Robin.c...
compiling rt_MemBox.c...
compiling rt_Task_ext.c...
C:\Users\Nastia\Desktop\repos\ECE254-labs\lab2-student\starter\RTX_CM3\SRC\CM\rt_Task_ext.c(52): warning:  #177-D: variable "current_task" was declared but never referenced
compiling rt_MemBox_ext.c...
assembling SVC_Table.s...
compiling HAL_CM3.c...
C:\Users\Nastia\Desktop\repos\ECE254-labs\lab2-student\starter\RTX_CM3\SRC\CM\HAL_CM3.c(328): warning:  #9-D: nested comment is not allowed
creating Library...
User command #1: cmd.exe /C copy ArInp.Scr CM3_LE\BuildLib.scr
        1 file(s) copied.
".\CM3_LE\RTX_CM3.lib" - 0 Error(s), 2 Warning(s).
  
Build Project 'RTX_App' - Target 'Starter SIM'
linking...
Program Size: Code=6952 RO-data=276 RW-data=220 ZI-data=8932  
".\build\FLASH\RTX_APP.axf" - 0 Error(s), 0 Warning(s).
