<html>
<body>
<pre>
<h1>µVision Build Log</h1>
<h2>Project:</h2>
C:\Users\Nastia\Desktop\repos\ECE254-labs\lab2-student\starter\RTX_App\RTX_App.uvproj
Project File Date:  10/18/2017

<h2>Output:</h2>
  
*** Note: 'Create Batch File' is active - using 'Rebuild'.
Rebuild Project 'RTX_Lib_CM' - Target 'CM3_LE'
compiling rt_Task.c...
compiling rt_System.c...
compiling rt_Event.c...
compiling rt_List.c...
compiling rt_Mailbox.c...
compiling rt_Semaphore.c...
compiling rt_Time.c...
compiling rt_Timer.c...
compiling rt_Mutex.c...
compiling rt_Robin.c...
compiling rt_MemBox.c...
compiling rt_Task_ext.c...
C:\Users\Nastia\Desktop\repos\ECE254-labs\lab2-student\starter\RTX_CM3\SRC\CM\rt_Task_ext.c(52): warning:  #177-D: variable "current_task" was declared but never referenced
compiling rt_MemBox_ext.c...
C:\Users\Nastia\Desktop\repos\ECE254-labs\lab2-student\starter\RTX_CM3\SRC\CM\rt_MemBox_ext.c(57): error:  #20: identifier "WAIT_MEM" is undefined
assembling SVC_Table.s...
compiling HAL_CM3.c...
C:\Users\Nastia\Desktop\repos\ECE254-labs\lab2-student\starter\RTX_CM3\SRC\CM\HAL_CM3.c(328): warning:  #9-D: nested comment is not allowed
Target not created
  
Build Project 'RTX_App' - Target 'Starter SIM'
linking...
Program Size: Code=7596 RO-data=752 RW-data=220 ZI-data=8932  
".\build\FLASH\RTX_APP.axf" - 0 Error(s), 0 Warning(s).
  
*** Note: 'Create Batch File' is active - using 'Rebuild'.
Rebuild Project 'RTX_Lib_CM' - Target 'CM3_LE'
compiling rt_Task.c...
compiling rt_System.c...
compiling rt_Event.c...
compiling rt_List.c...
compiling rt_Mailbox.c...
compiling rt_Semaphore.c...
compiling rt_Time.c...
compiling rt_Timer.c...
compiling rt_Mutex.c...
compiling rt_Robin.c...
compiling rt_MemBox.c...
compiling rt_Task_ext.c...
C:\Users\Nastia\Desktop\repos\ECE254-labs\lab2-student\starter\RTX_CM3\SRC\CM\rt_Task_ext.c(52): warning:  #177-D: variable "current_task" was declared but never referenced
compiling rt_MemBox_ext.c...
C:\Users\Nastia\Desktop\repos\ECE254-labs\lab2-student\starter\RTX_CM3\SRC\CM\rt_MemBox_ext.c(57): error:  #20: identifier "WAIT_MEM" is undefined
assembling SVC_Table.s...
compiling HAL_CM3.c...
C:\Users\Nastia\Desktop\repos\ECE254-labs\lab2-student\starter\RTX_CM3\SRC\CM\HAL_CM3.c(328): warning:  #9-D: nested comment is not allowed
Target not created
  
Build Project 'RTX_App' - Target 'Starter SIM'
linking...
Program Size: Code=7596 RO-data=752 RW-data=220 ZI-data=8932  
".\build\FLASH\RTX_APP.axf" - 0 Error(s), 0 Warning(s).
  
*** Note: 'Create Batch File' is active - using 'Rebuild'.
Rebuild Project 'RTX_Lib_CM' - Target 'CM3_LE'
compiling rt_Task.c...
compiling rt_System.c...
compiling rt_Event.c...
compiling rt_List.c...
compiling rt_Mailbox.c...
compiling rt_Semaphore.c...
compiling rt_Time.c...
compiling rt_Timer.c...
compiling rt_Mutex.c...
compiling rt_Robin.c...
compiling rt_MemBox.c...
compiling rt_Task_ext.c...
C:\Users\Nastia\Desktop\repos\ECE254-labs\lab2-student\starter\RTX_CM3\SRC\CM\rt_Task_ext.c(52): warning:  #177-D: variable "current_task" was declared but never referenced
compiling rt_MemBox_ext.c...
assembling SVC_Table.s...
compiling HAL_CM3.c...
C:\Users\Nastia\Desktop\repos\ECE254-labs\lab2-student\starter\RTX_CM3\SRC\CM\HAL_CM3.c(328): warning:  #9-D: nested comment is not allowed
creating Library...
User command #1: cmd.exe /C copy ArInp.Scr CM3_LE\BuildLib.scr
        1 file(s) copied.
".\CM3_LE\RTX_CM3.lib" - 0 Error(s), 2 Warning(s).
  
Build Project 'RTX_App' - Target 'Starter SIM'
linking...
Program Size: Code=7596 RO-data=752 RW-data=220 ZI-data=8932  
".\build\FLASH\RTX_APP.axf" - 0 Error(s), 0 Warning(s).
  
*** Note: 'Create Batch File' is active - using 'Rebuild'.
Rebuild Project 'RTX_Lib_CM' - Target 'CM3_LE'
compiling rt_Task.c...
compiling rt_System.c...
compiling rt_Event.c...
compiling rt_List.c...
compiling rt_Mailbox.c...
compiling rt_Semaphore.c...
compiling rt_Time.c...
compiling rt_Timer.c...
compiling rt_Mutex.c...
compiling rt_Robin.c...
compiling rt_MemBox.c...
compiling rt_Task_ext.c...
C:\Users\Nastia\Desktop\repos\ECE254-labs\lab2-student\starter\RTX_CM3\SRC\CM\rt_Task_ext.c(52): warning:  #177-D: variable "current_task" was declared but never referenced
compiling rt_MemBox_ext.c...
assembling SVC_Table.s...
compiling HAL_CM3.c...
C:\Users\Nastia\Desktop\repos\ECE254-labs\lab2-student\starter\RTX_CM3\SRC\CM\HAL_CM3.c(328): warning:  #9-D: nested comment is not allowed
creating Library...
User command #1: cmd.exe /C copy ArInp.Scr CM3_LE\BuildLib.scr
        1 file(s) copied.
".\CM3_LE\RTX_CM3.lib" - 0 Error(s), 2 Warning(s).
  
Build Project 'RTX_App' - Target 'Starter SIM'
compiling main_task_exp.c...
C:\Users\Nastia\Desktop\repos\ECE254-labs\lab2-student\starter\RTX_App\src\main_task_exp.c(71): warning:  #174-D: expression has no effect
linking...
Program Size: Code=7596 RO-data=752 RW-data=220 ZI-data=8932  
".\build\FLASH\RTX_APP.axf" - 0 Error(s), 1 Warning(s).
  
*** Note: 'Create Batch File' is active - using 'Rebuild'.
Rebuild Project 'RTX_Lib_CM' - Target 'CM3_LE'
compiling rt_Task.c...
compiling rt_System.c...
compiling rt_Event.c...
compiling rt_List.c...
compiling rt_Mailbox.c...
compiling rt_Semaphore.c...
compiling rt_Time.c...
compiling rt_Timer.c...
compiling rt_Mutex.c...
compiling rt_Robin.c...
compiling rt_MemBox.c...
compiling rt_Task_ext.c...
C:\Users\Nastia\Desktop\repos\ECE254-labs\lab2-student\starter\RTX_CM3\SRC\CM\rt_Task_ext.c(52): warning:  #177-D: variable "current_task" was declared but never referenced
compiling rt_MemBox_ext.c...
assembling SVC_Table.s...
compiling HAL_CM3.c...
C:\Users\Nastia\Desktop\repos\ECE254-labs\lab2-student\starter\RTX_CM3\SRC\CM\HAL_CM3.c(328): warning:  #9-D: nested comment is not allowed
creating Library...
User command #1: cmd.exe /C copy ArInp.Scr CM3_LE\BuildLib.scr
        1 file(s) copied.
".\CM3_LE\RTX_CM3.lib" - 0 Error(s), 2 Warning(s).
  
Build Project 'RTX_App' - Target 'Starter SIM'
linking...
Program Size: Code=7596 RO-data=752 RW-data=220 ZI-data=8932  
".\build\FLASH\RTX_APP.axf" - 0 Error(s), 0 Warning(s).
  
*** Note: 'Create Batch File' is active - using 'Rebuild'.
Rebuild Project 'RTX_Lib_CM' - Target 'CM3_LE'
compiling rt_Task.c...
compiling rt_System.c...
compiling rt_Event.c...
compiling rt_List.c...
compiling rt_Mailbox.c...
compiling rt_Semaphore.c...
compiling rt_Time.c...
compiling rt_Timer.c...
compiling rt_Mutex.c...
compiling rt_Robin.c...
compiling rt_MemBox.c...
compiling rt_Task_ext.c...
C:\Users\Nastia\Desktop\repos\ECE254-labs\lab2-student\starter\RTX_CM3\SRC\CM\rt_Task_ext.c(52): warning:  #177-D: variable "current_task" was declared but never referenced
compiling rt_MemBox_ext.c...
assembling SVC_Table.s...
compiling HAL_CM3.c...
C:\Users\Nastia\Desktop\repos\ECE254-labs\lab2-student\starter\RTX_CM3\SRC\CM\HAL_CM3.c(328): warning:  #9-D: nested comment is not allowed
creating Library...
User command #1: cmd.exe /C copy ArInp.Scr CM3_LE\BuildLib.scr
        1 file(s) copied.
".\CM3_LE\RTX_CM3.lib" - 0 Error(s), 2 Warning(s).
  
Build Project 'RTX_App' - Target 'Starter SIM'
compiling main_task_exp.c...
C:\Users\Nastia\Desktop\repos\ECE254-labs\lab2-student\starter\RTX_App\src\main_task_exp.c(71): warning:  #174-D: expression has no effect
linking...
Program Size: Code=7624 RO-data=752 RW-data=220 ZI-data=8932  
".\build\FLASH\RTX_APP.axf" - 0 Error(s), 1 Warning(s).
  
*** Note: 'Create Batch File' is active - using 'Rebuild'.
Rebuild Project 'RTX_Lib_CM' - Target 'CM3_LE'
compiling rt_Task.c...
compiling rt_System.c...
compiling rt_Event.c...
compiling rt_List.c...
compiling rt_Mailbox.c...
compiling rt_Semaphore.c...
compiling rt_Time.c...
compiling rt_Timer.c...
compiling rt_Mutex.c...
compiling rt_Robin.c...
compiling rt_MemBox.c...
compiling rt_Task_ext.c...
C:\Users\Nastia\Desktop\repos\ECE254-labs\lab2-student\starter\RTX_CM3\SRC\CM\rt_Task_ext.c(52): warning:  #177-D: variable "current_task" was declared but never referenced
compiling rt_MemBox_ext.c...
assembling SVC_Table.s...
compiling HAL_CM3.c...
C:\Users\Nastia\Desktop\repos\ECE254-labs\lab2-student\starter\RTX_CM3\SRC\CM\HAL_CM3.c(328): warning:  #9-D: nested comment is not allowed
creating Library...
User command #1: cmd.exe /C copy ArInp.Scr CM3_LE\BuildLib.scr
        1 file(s) copied.
".\CM3_LE\RTX_CM3.lib" - 0 Error(s), 2 Warning(s).
  
Build Project 'RTX_App' - Target 'Starter SIM'
linking...
Program Size: Code=7624 RO-data=752 RW-data=220 ZI-data=8932  
".\build\FLASH\RTX_APP.axf" - 0 Error(s), 0 Warning(s).
  
*** Note: 'Create Batch File' is active - using 'Rebuild'.
Rebuild Project 'RTX_Lib_CM' - Target 'CM3_LE'
compiling rt_Task.c...
compiling rt_System.c...
compiling rt_Event.c...
compiling rt_List.c...
compiling rt_Mailbox.c...
compiling rt_Semaphore.c...
compiling rt_Time.c...
compiling rt_Timer.c...
compiling rt_Mutex.c...
compiling rt_Robin.c...
compiling rt_MemBox.c...
compiling rt_Task_ext.c...
C:\Users\Nastia\Desktop\repos\ECE254-labs\lab2-student\starter\RTX_CM3\SRC\CM\rt_Task_ext.c(52): warning:  #177-D: variable "current_task" was declared but never referenced
compiling rt_MemBox_ext.c...
assembling SVC_Table.s...
compiling HAL_CM3.c...
C:\Users\Nastia\Desktop\repos\ECE254-labs\lab2-student\starter\RTX_CM3\SRC\CM\HAL_CM3.c(328): warning:  #9-D: nested comment is not allowed
creating Library...
User command #1: cmd.exe /C copy ArInp.Scr CM3_LE\BuildLib.scr
        1 file(s) copied.
".\CM3_LE\RTX_CM3.lib" - 0 Error(s), 2 Warning(s).
  
Build Project 'RTX_App' - Target 'Starter SIM'
compiling main_task_exp.c...
C:\Users\Nastia\Desktop\repos\ECE254-labs\lab2-student\starter\RTX_App\src\main_task_exp.c(71): warning:  #174-D: expression has no effect
linking...
Program Size: Code=7612 RO-data=752 RW-data=220 ZI-data=8932  
".\build\FLASH\RTX_APP.axf" - 0 Error(s), 1 Warning(s).
  
*** Note: 'Create Batch File' is active - using 'Rebuild'.
Rebuild Project 'RTX_Lib_CM' - Target 'CM3_LE'
compiling rt_Task.c...
compiling rt_System.c...
compiling rt_Event.c...
compiling rt_List.c...
compiling rt_Mailbox.c...
compiling rt_Semaphore.c...
compiling rt_Time.c...
compiling rt_Timer.c...
compiling rt_Mutex.c...
compiling rt_Robin.c...
compiling rt_MemBox.c...
compiling rt_Task_ext.c...
C:\Users\Nastia\Desktop\repos\ECE254-labs\lab2-student\starter\RTX_CM3\SRC\CM\rt_Task_ext.c(52): warning:  #177-D: variable "current_task" was declared but never referenced
compiling rt_MemBox_ext.c...
assembling SVC_Table.s...
compiling HAL_CM3.c...
C:\Users\Nastia\Desktop\repos\ECE254-labs\lab2-student\starter\RTX_CM3\SRC\CM\HAL_CM3.c(328): warning:  #9-D: nested comment is not allowed
creating Library...
User command #1: cmd.exe /C copy ArInp.Scr CM3_LE\BuildLib.scr
        1 file(s) copied.
".\CM3_LE\RTX_CM3.lib" - 0 Error(s), 2 Warning(s).
  
Build Project 'RTX_App' - Target 'Starter SIM'
compiling main_task_exp.c...
C:\Users\Nastia\Desktop\repos\ECE254-labs\lab2-student\starter\RTX_App\src\main_task_exp.c(72): warning:  #174-D: expression has no effect
linking...
Program Size: Code=7644 RO-data=752 RW-data=220 ZI-data=8932  
".\build\FLASH\RTX_APP.axf" - 0 Error(s), 1 Warning(s).
  
*** Note: 'Create Batch File' is active - using 'Rebuild'.
Rebuild Project 'RTX_Lib_CM' - Target 'CM3_LE'
compiling rt_Task.c...
compiling rt_System.c...
compiling rt_Event.c...
compiling rt_List.c...
compiling rt_Mailbox.c...
compiling rt_Semaphore.c...
compiling rt_Time.c...
compiling rt_Timer.c...
compiling rt_Mutex.c...
compiling rt_Robin.c...
compiling rt_MemBox.c...
compiling rt_Task_ext.c...
C:\Users\Nastia\Desktop\repos\ECE254-labs\lab2-student\starter\RTX_CM3\SRC\CM\rt_Task_ext.c(52): warning:  #177-D: variable "current_task" was declared but never referenced
compiling rt_MemBox_ext.c...
assembling SVC_Table.s...
compiling HAL_CM3.c...
C:\Users\Nastia\Desktop\repos\ECE254-labs\lab2-student\starter\RTX_CM3\SRC\CM\HAL_CM3.c(328): warning:  #9-D: nested comment is not allowed
creating Library...
User command #1: cmd.exe /C copy ArInp.Scr CM3_LE\BuildLib.scr
        1 file(s) copied.
".\CM3_LE\RTX_CM3.lib" - 0 Error(s), 2 Warning(s).
  
Build Project 'RTX_App' - Target 'Starter SIM'
compiling main_task_exp.c...
C:\Users\Nastia\Desktop\repos\ECE254-labs\lab2-student\starter\RTX_App\src\main_task_exp.c(70): warning:  #174-D: expression has no effect
linking...
.\build\FLASH\RTX_APP.axf: Error: L6218E: Undefined symbol task5 (referred from main_task_exp.o).
Target not created
  
*** Note: 'Create Batch File' is active - using 'Rebuild'.
Rebuild Project 'RTX_Lib_CM' - Target 'CM3_LE'
compiling rt_Task.c...
compiling rt_System.c...
compiling rt_Event.c...
compiling rt_List.c...
compiling rt_Mailbox.c...
compiling rt_Semaphore.c...
compiling rt_Time.c...
compiling rt_Timer.c...
compiling rt_Mutex.c...
compiling rt_Robin.c...
compiling rt_MemBox.c...
compiling rt_Task_ext.c...
C:\Users\Nastia\Desktop\repos\ECE254-labs\lab2-student\starter\RTX_CM3\SRC\CM\rt_Task_ext.c(52): warning:  #177-D: variable "current_task" was declared but never referenced
compiling rt_MemBox_ext.c...
assembling SVC_Table.s...
compiling HAL_CM3.c...
C:\Users\Nastia\Desktop\repos\ECE254-labs\lab2-student\starter\RTX_CM3\SRC\CM\HAL_CM3.c(328): warning:  #9-D: nested comment is not allowed
creating Library...
User command #1: cmd.exe /C copy ArInp.Scr CM3_LE\BuildLib.scr
        1 file(s) copied.
".\CM3_LE\RTX_CM3.lib" - 0 Error(s), 2 Warning(s).
  
Build Project 'RTX_App' - Target 'Starter SIM'
compiling main_task_exp.c...
C:\Users\Nastia\Desktop\repos\ECE254-labs\lab2-student\starter\RTX_App\src\main_task_exp.c(68): warning:  #174-D: expression has no effect
linking...
Program Size: Code=6916 RO-data=752 RW-data=216 ZI-data=8928  
".\build\FLASH\RTX_APP.axf" - 0 Error(s), 1 Warning(s).
  
*** Note: 'Create Batch File' is active - using 'Rebuild'.
Rebuild Project 'RTX_Lib_CM' - Target 'CM3_LE'
compiling rt_Task.c...
compiling rt_System.c...
compiling rt_Event.c...
compiling rt_List.c...
compiling rt_Mailbox.c...
compiling rt_Semaphore.c...
compiling rt_Time.c...
compiling rt_Timer.c...
compiling rt_Mutex.c...
compiling rt_Robin.c...
compiling rt_MemBox.c...
compiling rt_Task_ext.c...
C:\Users\Nastia\Desktop\repos\ECE254-labs\lab2-student\starter\RTX_CM3\SRC\CM\rt_Task_ext.c(52): warning:  #177-D: variable "current_task" was declared but never referenced
compiling rt_MemBox_ext.c...
assembling SVC_Table.s...
compiling HAL_CM3.c...
C:\Users\Nastia\Desktop\repos\ECE254-labs\lab2-student\starter\RTX_CM3\SRC\CM\HAL_CM3.c(328): warning:  #9-D: nested comment is not allowed
creating Library...
User command #1: cmd.exe /C copy ArInp.Scr CM3_LE\BuildLib.scr
        1 file(s) copied.
".\CM3_LE\RTX_CM3.lib" - 0 Error(s), 2 Warning(s).
  
Build Project 'RTX_App' - Target 'Starter SIM'
linking...
Program Size: Code=6916 RO-data=752 RW-data=216 ZI-data=8928  
".\build\FLASH\RTX_APP.axf" - 0 Error(s), 0 Warning(s).
  
*** Note: 'Create Batch File' is active - using 'Rebuild'.
Rebuild Project 'RTX_Lib_CM' - Target 'CM3_LE'
compiling rt_Task.c...
compiling rt_System.c...
compiling rt_Event.c...
compiling rt_List.c...
compiling rt_Mailbox.c...
compiling rt_Semaphore.c...
compiling rt_Time.c...
compiling rt_Timer.c...
compiling rt_Mutex.c...
compiling rt_Robin.c...
compiling rt_MemBox.c...
compiling rt_Task_ext.c...
C:\Users\Nastia\Desktop\repos\ECE254-labs\lab2-student\starter\RTX_CM3\SRC\CM\rt_Task_ext.c(52): warning:  #177-D: variable "current_task" was declared but never referenced
compiling rt_MemBox_ext.c...
assembling SVC_Table.s...
compiling HAL_CM3.c...
C:\Users\Nastia\Desktop\repos\ECE254-labs\lab2-student\starter\RTX_CM3\SRC\CM\HAL_CM3.c(328): warning:  #9-D: nested comment is not allowed
creating Library...
User command #1: cmd.exe /C copy ArInp.Scr CM3_LE\BuildLib.scr
        1 file(s) copied.
".\CM3_LE\RTX_CM3.lib" - 0 Error(s), 2 Warning(s).
  
Build Project 'RTX_App' - Target 'Starter SIM'
linking...
Program Size: Code=6916 RO-data=752 RW-data=216 ZI-data=8928  
".\build\FLASH\RTX_APP.axf" - 0 Error(s), 0 Warning(s).
  
*** Note: 'Create Batch File' is active - using 'Rebuild'.
Rebuild Project 'RTX_Lib_CM' - Target 'CM3_LE'
compiling rt_Task.c...
compiling rt_System.c...
compiling rt_Event.c...
compiling rt_List.c...
compiling rt_Mailbox.c...
compiling rt_Semaphore.c...
compiling rt_Time.c...
compiling rt_Timer.c...
compiling rt_Mutex.c...
compiling rt_Robin.c...
compiling rt_MemBox.c...
compiling rt_Task_ext.c...
compiling rt_MemBox_ext.c...
assembling SVC_Table.s...
compiling HAL_CM3.c...
C:\Users\Nastia\Desktop\repos\ECE254-labs\lab2-student\starter\RTX_CM3\SRC\CM\HAL_CM3.c(328): warning:  #9-D: nested comment is not allowed
creating Library...
User command #1: cmd.exe /C copy ArInp.Scr CM3_LE\BuildLib.scr
        1 file(s) copied.
".\CM3_LE\RTX_CM3.lib" - 0 Error(s), 1 Warning(s).
  
Build Project 'RTX_App' - Target 'Starter SIM'
linking...
Program Size: Code=6916 RO-data=752 RW-data=216 ZI-data=8928  
".\build\FLASH\RTX_APP.axf" - 0 Error(s), 0 Warning(s).
  
*** Note: 'Create Batch File' is active - using 'Rebuild'.
Rebuild Project 'RTX_Lib_CM' - Target 'CM3_LE'
compiling rt_Task.c...
compiling rt_System.c...
compiling rt_Event.c...
compiling rt_List.c...
compiling rt_Mailbox.c...
compiling rt_Semaphore.c...
compiling rt_Time.c...
compiling rt_Timer.c...
compiling rt_Mutex.c...
compiling rt_Robin.c...
compiling rt_MemBox.c...
compiling rt_Task_ext.c...
compiling rt_MemBox_ext.c...
assembling SVC_Table.s...
compiling HAL_CM3.c...
C:\Users\Nastia\Desktop\repos\ECE254-labs\lab2-student\starter\RTX_CM3\SRC\CM\HAL_CM3.c(328): warning:  #9-D: nested comment is not allowed
creating Library...
User command #1: cmd.exe /C copy ArInp.Scr CM3_LE\BuildLib.scr
        1 file(s) copied.
".\CM3_LE\RTX_CM3.lib" - 0 Error(s), 1 Warning(s).
  
Build Project 'RTX_App' - Target 'Starter SIM'
compiling main_task_exp.c...
C:\Users\Nastia\Desktop\repos\ECE254-labs\lab2-student\starter\RTX_App\src\main_task_exp.c(68): warning:  #174-D: expression has no effect
linking...
Program Size: Code=6956 RO-data=752 RW-data=216 ZI-data=8928  
".\build\FLASH\RTX_APP.axf" - 0 Error(s), 1 Warning(s).
